Component: ARM Compiler 5.06 update 1 (build 61) Tool: armlink [4d35a8]

==============================================================================

Section Cross References

    startup_stm32f407xx.o(STACK) refers (Special) to heapauxi.o(.text) for __use_two_region_memory
    startup_stm32f407xx.o(HEAP) refers (Special) to heapauxi.o(.text) for __use_two_region_memory
    startup_stm32f407xx.o(RESET) refers (Special) to heapauxi.o(.text) for __use_two_region_memory
    startup_stm32f407xx.o(RESET) refers to startup_stm32f407xx.o(STACK) for __initial_sp
    startup_stm32f407xx.o(RESET) refers to startup_stm32f407xx.o(.text) for Reset_Handler
    startup_stm32f407xx.o(RESET) refers to stm32f4xx_it.o(i.NMI_Handler) for NMI_Handler
    startup_stm32f407xx.o(RESET) refers to stm32f4xx_it.o(i.HardFault_Handler) for HardFault_Handler
    startup_stm32f407xx.o(RESET) refers to stm32f4xx_it.o(i.MemManage_Handler) for MemManage_Handler
    startup_stm32f407xx.o(RESET) refers to stm32f4xx_it.o(i.BusFault_Handler) for BusFault_Handler
    startup_stm32f407xx.o(RESET) refers to stm32f4xx_it.o(i.UsageFault_Handler) for UsageFault_Handler
    startup_stm32f407xx.o(RESET) refers to port.o(.emb_text) for SVC_Handler
    startup_stm32f407xx.o(RESET) refers to stm32f4xx_it.o(i.DebugMon_Handler) for DebugMon_Handler
    startup_stm32f407xx.o(RESET) refers to stm32f4xx_it.o(i.SysTick_Handler) for SysTick_Handler
    startup_stm32f407xx.o(RESET) refers to stm32f4xx_it.o(i.EXTI0_IRQHandler) for EXTI0_IRQHandler
    startup_stm32f407xx.o(RESET) refers to stm32f4xx_it.o(i.EXTI3_IRQHandler) for EXTI3_IRQHandler
    startup_stm32f407xx.o(RESET) refers to stm32f4xx_it.o(i.EXTI4_IRQHandler) for EXTI4_IRQHandler
    startup_stm32f407xx.o(RESET) refers to stm32f4xx_it.o(i.CAN1_RX0_IRQHandler) for CAN1_RX0_IRQHandler
    startup_stm32f407xx.o(RESET) refers to stm32f4xx_it.o(i.EXTI9_5_IRQHandler) for EXTI9_5_IRQHandler
    startup_stm32f407xx.o(RESET) refers to communicate.o(i.USART1_IRQHandler) for USART1_IRQHandler
    startup_stm32f407xx.o(RESET) refers to communicate.o(i.USART3_IRQHandler) for USART3_IRQHandler
    startup_stm32f407xx.o(RESET) refers to bsp_i2c.o(i.DMA1_Stream7_IRQHandler) for DMA1_Stream7_IRQHandler
    startup_stm32f407xx.o(RESET) refers to stm32f4xx_it.o(i.DMA2_Stream1_IRQHandler) for DMA2_Stream1_IRQHandler
    startup_stm32f407xx.o(RESET) refers to ins.o(i.DMA2_Stream2_IRQHandler) for DMA2_Stream2_IRQHandler
    startup_stm32f407xx.o(RESET) refers to stm32f4xx_it.o(i.CAN2_RX0_IRQHandler) for CAN2_RX0_IRQHandler
    startup_stm32f407xx.o(RESET) refers to stm32f4xx_it.o(i.OTG_FS_IRQHandler) for OTG_FS_IRQHandler
    startup_stm32f407xx.o(RESET) refers to stm32f4xx_it.o(i.DMA2_Stream5_IRQHandler) for DMA2_Stream5_IRQHandler
    startup_stm32f407xx.o(RESET) refers to stm32f4xx_it.o(i.DMA2_Stream6_IRQHandler) for DMA2_Stream6_IRQHandler
    startup_stm32f407xx.o(RESET) refers to stm32f4xx_it.o(i.DMA2_Stream7_IRQHandler) for DMA2_Stream7_IRQHandler
    startup_stm32f407xx.o(RESET) refers to communicate.o(i.USART6_IRQHandler) for USART6_IRQHandler
    startup_stm32f407xx.o(.text) refers (Special) to heapauxi.o(.text) for __use_two_region_memory
    startup_stm32f407xx.o(.text) refers to system_stm32f4xx.o(i.SystemInit) for SystemInit
    startup_stm32f407xx.o(.text) refers to __main.o(!!!main) for __main
    startup_stm32f407xx.o(.text) refers to startup_stm32f407xx.o(HEAP) for Heap_Mem
    startup_stm32f407xx.o(.text) refers to startup_stm32f407xx.o(STACK) for Stack_Mem
    main.o(i.SystemClock_Config) refers to rt_memclr_w.o(.text) for __aeabi_memclr4
    main.o(i.SystemClock_Config) refers to stm32f4xx_hal_rcc.o(i.HAL_RCC_OscConfig) for HAL_RCC_OscConfig
    main.o(i.SystemClock_Config) refers to stm32f4xx_hal_rcc.o(i.HAL_RCC_ClockConfig) for HAL_RCC_ClockConfig
    main.o(i.main) refers to stm32f4xx_hal.o(i.HAL_Init) for HAL_Init
    main.o(i.main) refers to main.o(i.SystemClock_Config) for SystemClock_Config
    main.o(i.main) refers to gpio.o(i.MX_GPIO_Init) for MX_GPIO_Init
    main.o(i.main) refers to dma.o(i.MX_DMA_Init) for MX_DMA_Init
    main.o(i.main) refers to adc.o(i.MX_ADC1_Init) for MX_ADC1_Init
    main.o(i.main) refers to adc.o(i.MX_ADC3_Init) for MX_ADC3_Init
    main.o(i.main) refers to can.o(i.MX_CAN1_Init) for MX_CAN1_Init
    main.o(i.main) refers to can.o(i.MX_CAN2_Init) for MX_CAN2_Init
    main.o(i.main) refers to i2c.o(i.MX_I2C1_Init) for MX_I2C1_Init
    main.o(i.main) refers to spi.o(i.MX_SPI1_Init) for MX_SPI1_Init
    main.o(i.main) refers to tim.o(i.MX_TIM4_Init) for MX_TIM4_Init
    main.o(i.main) refers to tim.o(i.MX_TIM5_Init) for MX_TIM5_Init
    main.o(i.main) refers to usart.o(i.MX_USART3_UART_Init) for MX_USART3_UART_Init
    main.o(i.main) refers to tim.o(i.MX_TIM8_Init) for MX_TIM8_Init
    main.o(i.main) refers to crc.o(i.MX_CRC_Init) for MX_CRC_Init
    main.o(i.main) refers to rng.o(i.MX_RNG_Init) for MX_RNG_Init
[...]
    mag_offset                               0x20009f34   Data          12  ins.o(.bss)
    motor_receive                            0x20009f40   Data          80  can_receive.o(.bss)
    motor_s1                                 0x20009f90   Data          34  can_receive.o(.bss)
    __libspace_start                         0x20009fd8   Data          96  libspace.o(.bss)
    __temporary_stack_top$libspace           0x2000a038   Data           0  libspace.o(.bss)



==============================================================================

Memory Map of the image

  Image Entry point : 0x08000189

  Load Region LR_IROM1 (Base: 0x08000000, Size: 0x000111c8, Max: 0x00100000, ABSOLUTE, COMPRESSED[0x00010ff8])

    Execution Region ER_IROM1 (Exec base: 0x08000000, Load base: 0x08000000, Size: 0x00010eb8, Max: 0x00100000, ABSOLUTE)

    Exec Addr    Load Addr    Size         Type   Attr      Idx    E Section Name        Object

    0x08000000   0x08000000   0x00000188   Data   RO            3    RESET               startup_stm32f407xx.o
    0x08000188   0x08000188   0x00000008   Code   RO        12029  * !!!main             c_w.l(__main.o)
    0x08000190   0x08000190   0x00000034   Code   RO        12453    !!!scatter          c_w.l(__scatter.o)
    0x080001c4   0x080001c4   0x0000005a   Code   RO        12451    !!dczerorl2         c_w.l(__dczerorl2.o)
    0x0800021e   0x0800021e   0x00000002   PAD
    0x08000220   0x08000220   0x0000001c   Code   RO        12455    !!handler_zi        c_w.l(__scatter_zi.o)
    0x0800023c   0x0800023c   0x00000002   Code   RO        12390    .ARM.Collect$$libinit$$00000000  c_w.l(libinit.o)
    0x0800023e   0x0800023e   0x00000004   Code   RO        12179    .ARM.Collect$$libinit$$00000001  c_w.l(libinit2.o)
    0x08000242   0x08000242   0x00000000   Code   RO        12182    .ARM.Collect$$libinit$$00000004  c_w.l(libinit2.o)
    0x08000242   0x08000242   0x00000000   Code   RO        12185    .ARM.Collect$$libinit$$0000000A  c_w.l(libinit2.o)
    0x08000242   0x08000242   0x00000000   Code   RO        12187    .ARM.Collect$$libinit$$0000000C  c_w.l(libinit2.o)
    0x08000242   0x08000242   0x00000000   Code   RO        12189    .ARM.Collect$$libinit$$0000000E  c_w.l(libinit2.o)
    0x08000242   0x08000242   0x00000000   Code   RO        12192    .ARM.Collect$$libinit$$00000011  c_w.l(libinit2.o)
    0x08000242   0x08000242   0x00000000   Code   RO        12194    .ARM.Collect$$libinit$$00000013  c_w.l(libinit2.o)
    0x08000242   0x08000242   0x00000000   Code   RO        12196    .ARM.Collect$$libinit$$00000015  c_w.l(libinit2.o)
    0x08000242   0x08000242   0x00000000   Code   RO        12198    .ARM.Collect$$libinit$$00000017  c_w.l(libinit2.o)
    0x08000242   0x08000242   0x00000000   Code   RO        12200    .ARM.Collect$$libinit$$00000019  c_w.l(libinit2.o)
    0x08000242   0x08000242   0x00000000   Code   RO        12202    .ARM.Collect$$libinit$$0000001B  c_w.l(libinit2.o)
    0x08000242   0x08000242   0x00000000   Code   RO        12204    .ARM.Collect$$libinit$$0000001D  c_w.l(libinit2.o)
    0x08000242   0x08000242   0x00000000   Code   RO        12206    .ARM.Collect$$libinit$$0000001F  c_w.l(libinit2.o)
    0x08000242   0x08000242   0x00000000   Code   RO        12208    .ARM.Collect$$libinit$$00000021  c_w.l(libinit2.o)
    0x08000242   0x08000242   0x00000000   Code   RO        12210    .ARM.Collect$$libinit$$00000023  c_w.l(libinit2.o)
    0x08000242   0x08000242   0x00000000   Code   RO        12212    .ARM.Collect$$libinit$$00000025  c_w.l(libinit2.o)
    0x08000242   0x08000242   0x00000000   Code   RO        12216    .ARM.Collect$$libinit$$0000002C  c_w.l(libinit2.o)
    0x08000242   0x08000242   0x00000000   Code   RO        12218    .ARM.Collect$$libinit$$0000002E  c_w.l(libinit2.o)
    0x08000242   0x08000242   0x00000000   Code   RO        12220    .ARM.Collect$$libinit$$00000030  c_w.l(libinit2.o)
    0x08000242   0x08000242   0x00000000   Code   RO        12222    .ARM.Collect$$libinit$$00000032  c_w.l(libinit2.o)
    0x08000242   0x08000242   0x00000002   Code   RO        12223    .ARM.Collect$$libinit$$00000033  c_w.l(libinit2.o)
    0x08000244   0x08000244   0x00000002   Code   RO        12448    .ARM.Collect$$libshutdown$$00000000  c_w.l(libshutdown.o)
    0x08000246   0x08000246   0x00000000   Code   RO        12406    .ARM.Collect$$libshutdown$$00000002  c_w.l(libshutdown2.o)
    0x08000246   0x08000246   0x00000000   Code   RO        12408    .ARM.Collect$$libshutdown$$00000004  c_w.l(libshutdown2.o)
    0x08000246   0x08000246   0x00000000   Code   RO        12411    .ARM.Collect$$libshutdown$$00000007  c_w.l(libshutdown2.o)
    0x08000246   0x08000246   0x00000000   Code   RO        12414    .ARM.Collect$$libshutdown$$0000000A  c_w.l(libshutdown2.o)
    0x08000246   0x08000246   0x00000000   Code   RO        12416    .ARM.Collect$$libshutdown$$0000000C  c_w.l(libshutdown2.o)
    0x08000246   0x08000246   0x00000000   Code   RO        12419    .ARM.Collect$$libshutdown$$0000000F  c_w.l(libshutdown2.o)
    0x08000246   0x08000246   0x00000002   Code   RO        12420    .ARM.Collect$$libshutdown$$00000010  c_w.l(libshutdown2.o)
    0x08000248   0x08000248   0x00000000   Code   RO        12145    .ARM.Collect$$rtentry$$00000000  c_w.l(__rtentry.o)
    0x08000248   0x08000248   0x00000000   Code   RO        12304    .ARM.Collect$$rtentry$$00000002  c_w.l(__rtentry2.o)
    0x08000248   0x08000248   0x00000006   Code   RO        12316    .ARM.Collect$$rtentry$$00000004  c_w.l(__rtentry4.o)
    0x0800024e   0x0800024e   0x00000000   Code   RO        12306    .ARM.Collect$$rtentry$$00000009  c_w.l(__rtentry2.o)
    0x0800024e   0x0800024e   0x00000004   Code   RO        12307    .ARM.Collect$$rtentry$$0000000A  c_w.l(__rtentry2.o)
    0x08000252   0x08000252   0x00000000   Code   RO        12309    .ARM.Collect$$rtentry$$0000000C  c_w.l(__rtentry2.o)
    0x08000252   0x08000252   0x00000008   Code   RO        12310    .ARM.Collect$$rtentry$$0000000D  c_w.l(__rtentry2.o)
    0x0800025a   0x0800025a   0x00000002   Code   RO        12393    .ARM.Collect$$rtexit$$00000000  c_w.l(rtexit.o)
    0x0800025c   0x0800025c   0x00000000   Code   RO        12424    .ARM.Collect$$rtexit$$00000002  c_w.l(rtexit2.o)
    0x0800025c   0x0800025c   0x00000004   Code   RO        12425    .ARM.Collect$$rtexit$$00000003  c_w.l(rtexit2.o)
    0x08000260   0x08000260   0x00000006   Code   RO        12426    .ARM.Collect$$rtexit$$00000004  c_w.l(rtexit2.o)
    0x08000266   0x08000266   0x00000002   PAD
    0x08000268   0x08000268   0x000000be   Code   RO         7772    .emb_text           port.o
    0x08000326   0x08000326   0x00000002   PAD
    0x08000328   0x08000328   0x00000040   Code   RO            4    .text               startup_stm32f407xx.o
    0x08000368   0x08000368   0x00000078   Code   RO        11815    .text               arm_cortexM4lf_math.lib(arm_cos_f32.o)
    0x080003e0   0x080003e0   0x000000ee   Code   RO        12011    .text               c_w.l(lludivv7m.o)
    0x080004ce   0x080004ce   0x0000003e   Code   RO        12013    .text               c_w.l(strlen.o)
    0x0800050c   0x0800050c   0x0000008a   Code   RO        12015    .text               c_w.l(rt_memcpy_v6.o)
    0x08000596   0x08000596   0x00000064   Code   RO        12017    .text               c_w.l(rt_memcpy_w.o)
    0x080005fa   0x080005fa   0x00000010   Code   RO        12021    .text               c_w.l(aeabi_memset.o)
    0x0800060a   0x0800060a   0x00000044   Code   RO        12023    .text               c_w.l(rt_memclr.o)
    0x0800064e   0x0800064e   0x0000004e   Code   RO        12025    .text               c_w.l(rt_memclr_w.o)
    0x0800069c   0x0800069c   0x00000006   Code   RO        12027    .text               c_w.l(heapauxi.o)
    0x080006a2   0x080006a2   0x00000016   Code   RO        12175    .text               c_w.l(_rserrno.o)
    0x080006b8   0x080006b8   0x00000008   Code   RO        12300    .text               c_w.l(libspace.o)
    0x080006c0   0x080006c0   0x00000008   Code   RO        12323    .text               c_w.l(rt_errno_addr_intlibspace.o)
    0x080006c8   0x080006c8   0x00000030   Code   RO        12333    .text               c_w.l(_fptrap.o)
    0x080006f8   0x080006f8   0x00000002   Code   RO        12362    .text               c_w.l(use_no_semi.o)
    0x080006fa   0x080006fa   0x00000000   Code   RO        12364    .text               c_w.l(indicate_semi.o)
    0x080006fa   0x080006fa   0x0000004a   Code   RO        12365    .text               c_w.l(sys_stackheap_outer.o)
    0x08000744   0x08000744   0x00000012   Code   RO        12371    .text               c_w.l(exit.o)
    0x08000756   0x08000756   0x0000000a   Code   RO        12373    .text               c_w.l(defsig_exit.o)
    0x08000760   0x08000760   0x0000000e   Code   RO        12375    .text               c_w.l(defsig_fpe_outer.o)
    0x0800076e   0x0800076e   0x00000002   PAD
    0x08000770   0x08000770   0x0000000c   Code   RO        12391    .text               c_w.l(sys_exit.o)
    0x0800077c   0x0800077c   0x00000032   Code   RO        12401    .text               c_w.l(defsig_general.o)
    0x080007ae   0x080007ae   0x00000002   PAD
    0x080007b0   0x080007b0   0x000000ac   Code   RO        12403    .text               c_w.l(defsig_fpe_inner.o)
    0x0800085c   0x0800085c   0x0000000e   Code   RO        12421    .text               c_w.l(sys_wrch.o)
    0x0800086a   0x0800086a   0x00000002   PAD
    0x0800086c   0x0800086c   0x00000128   Code   RO         3136    i.ADC_Init          stm32f4xx_hal_adc.o
    0x08000994   0x08000994   0x00000004   Code   RO        10812    i.AHRS_asinf        ahrs_middleware.o
    0x08000998   0x08000998   0x00000004   Code   RO        10813    i.AHRS_atan2f       ahrs_middleware.o
    0x0800099c   0x0800099c   0x00000004   Code   RO        10814    i.AHRS_cosf         ahrs_middleware.o
    0x080009a0   0x080009a0   0x0000001a   Code   RO        11725    i.AHRS_fabs         AHRS.lib(ahrs.o)
    0x080009ba   0x080009ba   0x00000002   PAD
    0x080009bc   0x080009bc   0x00000014   Code   RO        10815    i.AHRS_get_height   ahrs_middleware.o
    0x080009d0   0x080009d0   0x0000000e   Code   RO        10816    i.AHRS_get_latitude  ahrs_middleware.o
    0x080009de   0x080009de   0x00000002   PAD
    0x080009e0   0x080009e0   0x0000029c   Code   RO        11726    i.AHRS_init         AHRS.lib(ahrs.o)
    0x08000c7c   0x08000c7c   0x00000014   Code   RO        10817    i.AHRS_invSqrt      ahrs_middleware.o
    0x08000c90   0x08000c90   0x00000020   Code   RO        10818    i.AHRS_sinf         ahrs_middleware.o
    0x08000cb0   0x08000cb0   0x0000013a   Code   RO        11727    i.AHRS_update       AHRS.lib(ahrs.o)
    0x08000dea   0x08000dea   0x00000002   PAD
    0x08000dec   0x08000dec   0x00000010   Code   RO        10988    i.BMI088_ACCEL_NS_H  bmi088middleware.o
    0x08000dfc   0x08000dfc   0x00000010   Code   RO        10989    i.BMI088_ACCEL_NS_L  bmi088middleware.o
    0x08000e0c   0x08000e0c   0x00000002   Code   RO        10990    i.BMI088_GPIO_init  bmi088middleware.o
    0x08000e0e   0x08000e0e   0x00000002   PAD
    0x08000e10   0x08000e10   0x00000010   Code   RO        10991    i.BMI088_GYRO_NS_H  bmi088middleware.o
    0x08000e20   0x08000e20   0x00000010   Code   RO        10992    i.BMI088_GYRO_NS_L  bmi088middleware.o
    0x08000e30   0x08000e30   0x00000080   Code   RO        11127    i.BMI088_accel_read_over  bmi088driver.o
    0x08000eb0   0x08000eb0   0x00000002   Code   RO        10993    i.BMI088_com_init   bmi088middleware.o
    0x08000eb2   0x08000eb2   0x00000004   Code   RO        10994    i.BMI088_delay_ms   bmi088middleware.o
    0x08000eb6   0x08000eb6   0x00000004   Code   RO        10995    i.BMI088_delay_us   bmi088middleware.o
    0x08000eba   0x08000eba   0x00000002   PAD
    0x08000ebc   0x08000ebc   0x00000060   Code   RO        11128    i.BMI088_gyro_read_over  bmi088driver.o
    0x08000f1c   0x08000f1c   0x0000002e   Code   RO        11129    i.BMI088_init       bmi088driver.o
    0x08000f4a   0x08000f4a   0x00000002   PAD
    0x08000f4c   0x08000f4c   0x00000158   Code   RO        11130    i.BMI088_read       bmi088driver.o
    0x080010a4   0x080010a4   0x00000024   Code   RO        11133    i.BMI088_read_muli_reg  bmi088driver.o
    0x080010c8   0x080010c8   0x00000016   Code   RO        11134    i.BMI088_read_single_reg  bmi088driver.o
    0x080010de   0x080010de   0x00000002   PAD
    0x080010e0   0x080010e0   0x00000020   Code   RO        10996    i.BMI088_read_write_byte  bmi088middleware.o
    0x08001100   0x08001100   0x0000003c   Code   RO        11135    i.BMI088_temperature_read_over  bmi088driver.o
    0x0800113c   0x0800113c   0x00000012   Code   RO        11136    i.BMI088_write_single_reg  bmi088driver.o
    0x0800114e   0x0800114e   0x00000002   Code   RO         1262    i.BusFault_Handler  stm32f4xx_it.o
    0x08001150   0x08001150   0x0000000c   Code   RO         1263    i.CAN1_RX0_IRQHandler  stm32f4xx_it.o
    0x0800115c   0x0800115c   0x0000000c   Code   RO         1264    i.CAN2_RX0_IRQHandler  stm32f4xx_it.o
    0x08001168   0x08001168   0x00000004   Code   RO         1205    i.CDC_Control_FS    usbd_cdc_if.o
    0x0800116c   0x0800116c   0x00000004   Code   RO         1206    i.CDC_DeInit_FS     usbd_cdc_if.o
    0x08001170   0x08001170   0x00000024   Code   RO         1207    i.CDC_Init_FS       usbd_cdc_if.o
    0x08001194   0x08001194   0x00000018   Code   RO         1208    i.CDC_Receive_FS    usbd_cdc_if.o
    0x080011ac   0x080011ac   0x00000004   Code   RO         1209    i.CDC_TransmitCplt_FS  usbd_cdc_if.o
    0x080011b0   0x080011b0   0x00000058   Code   RO        11478    i.DMA1_Stream7_IRQHandler  bsp_i2c.o
    0x08001208   0x08001208   0x0000000c   Code   RO         1265    i.DMA2_Stream1_IRQHandler  stm32f4xx_it.o
    0x08001214   0x08001214   0x000002c4   Code   RO         9391    i.DMA2_Stream2_IRQHandler  ins.o
    0x080014d8   0x080014d8   0x0000000c   Code   RO         1266    i.DMA2_Stream5_IRQHandler  stm32f4xx_it.o
    0x080014e4   0x080014e4   0x0000000c   Code   RO         1267    i.DMA2_Stream6_IRQHandler  stm32f4xx_it.o
    0x080014f0   0x080014f0   0x0000000c   Code   RO         1268    i.DMA2_Stream7_IRQHandler  stm32f4xx_it.o
    0x080014fc   0x080014fc   0x00000028   Code   RO         2460    i.DMA_CalcBaseAndBitshift  stm32f4xx_hal_dma.o
    0x08001524   0x08001524   0x00000054   Code   RO         2461    i.DMA_CheckFifoParam  stm32f4xx_hal_dma.o
    0x08001578   0x08001578   0x00000002   Code   RO         1269    i.DebugMon_Handler  stm32f4xx_it.o
    0x0800157a   0x0800157a   0x00000006   Code   RO         1270    i.EXTI0_IRQHandler  stm32f4xx_it.o
    0x08001580   0x08001580   0x00000006   Code   RO         1271    i.EXTI3_IRQHandler  stm32f4xx_it.o
    0x08001586   0x08001586   0x00000006   Code   RO         1272    i.EXTI4_IRQHandler  stm32f4xx_it.o
    0x0800158c   0x0800158c   0x00000006   Code   RO         1273    i.EXTI9_5_IRQHandler  stm32f4xx_it.o
    0x08001592   0x08001592   0x00000004   Code   RO           13    i.Error_Handler     main.o
    0x08001596   0x08001596   0x00000002   PAD
    0x08001598   0x08001598   0x0000014c   Code   RO         3138    i.HAL_ADC_ConfigChannel  stm32f4xx_hal_adc.o
    0x080016e4   0x080016e4   0x00000006   Code   RO         3145    i.HAL_ADC_GetValue  stm32f4xx_hal_adc.o
    0x080016ea   0x080016ea   0x00000054   Code   RO         3147    i.HAL_ADC_Init      stm32f4xx_hal_adc.o
    0x0800173e   0x0800173e   0x00000002   PAD
    0x08001740   0x08001740   0x0000007c   Code   RO          384    i.HAL_ADC_MspInit   adc.o
    0x080017bc   0x080017bc   0x000000aa   Code   RO         3151    i.HAL_ADC_PollForConversion  stm32f4xx_hal_adc.o
    0x08001866   0x08001866   0x00000002   PAD
    0x08001868   0x08001868   0x000000fc   Code   RO         3153    i.HAL_ADC_Start     stm32f4xx_hal_adc.o
    0x08001964   0x08001964   0x00000024   Code   RO         3412    i.HAL_CAN_ActivateNotification  stm32f4xx_hal_can.o
    0x08001988   0x08001988   0x000000c8   Code   RO         3413    i.HAL_CAN_AddTxMessage  stm32f4xx_hal_can.o
    0x08001a50   0x08001a50   0x0000010c   Code   RO         3414    i.HAL_CAN_ConfigFilter  stm32f4xx_hal_can.o
    0x08001b5c   0x08001b5c   0x00000002   Code   RO         3417    i.HAL_CAN_ErrorCallback  stm32f4xx_hal_can.o
    0x08001b5e   0x08001b5e   0x000000e8   Code   RO         3420    i.HAL_CAN_GetRxMessage  stm32f4xx_hal_can.o
    0x08001c46   0x08001c46   0x000001fc   Code   RO         3424    i.HAL_CAN_IRQHandler  stm32f4xx_hal_can.o
    0x08001e42   0x08001e42   0x0000011a   Code   RO         3425    i.HAL_CAN_Init      stm32f4xx_hal_can.o
    0x08001f5c   0x08001f5c   0x000000fc   Code   RO          432    i.HAL_CAN_MspInit   can.o
    0x08002058   0x08002058   0x00000002   Code   RO         3432    i.HAL_CAN_RxFifo0FullCallback  stm32f4xx_hal_can.o
    0x0800205a   0x0800205a   0x00000002   PAD
    0x0800205c   0x0800205c   0x00000090   Code   RO         9228    i.HAL_CAN_RxFifo0MsgPendingCallback  communicate.o
    0x080020ec   0x080020ec   0x00000002   Code   RO         3434    i.HAL_CAN_RxFifo1FullCallback  stm32f4xx_hal_can.o
    0x080020ee   0x080020ee   0x00000002   Code   RO         3435    i.HAL_CAN_RxFifo1MsgPendingCallback  stm32f4xx_hal_can.o
    0x080020f0   0x080020f0   0x00000002   Code   RO         3436    i.HAL_CAN_SleepCallback  stm32f4xx_hal_can.o
    0x080020f2   0x080020f2   0x00000002   PAD
    0x080020f4   0x080020f4   0x00000058   Code   RO         3437    i.HAL_CAN_Start     stm32f4xx_hal_can.o
    0x0800214c   0x0800214c   0x00000002   Code   RO         3439    i.HAL_CAN_TxMailbox0AbortCallback  stm32f4xx_hal_can.o
    0x0800214e   0x0800214e   0x00000002   Code   RO         3440    i.HAL_CAN_TxMailbox0CompleteCallback  stm32f4xx_hal_can.o
    0x08002150   0x08002150   0x00000002   Code   RO         3441    i.HAL_CAN_TxMailbox1AbortCallback  stm32f4xx_hal_can.o
    0x08002152   0x08002152   0x00000002   Code   RO         3442    i.HAL_CAN_TxMailbox1CompleteCallback  stm32f4xx_hal_can.o
    0x08002154   0x08002154   0x00000002   Code   RO         3443    i.HAL_CAN_TxMailbox2AbortCallback  stm32f4xx_hal_can.o
    0x08002156   0x08002156   0x00000002   Code   RO         3444    i.HAL_CAN_TxMailbox2CompleteCallback  stm32f4xx_hal_can.o
    0x08002158   0x08002158   0x00000002   Code   RO         3446    i.HAL_CAN_WakeUpFromRxMsgCallback  stm32f4xx_hal_can.o
    0x0800215a   0x0800215a   0x00000022   Code   RO         3649    i.HAL_CRC_Init      stm32f4xx_hal_crc.o
    0x0800217c   0x0800217c   0x00000028   Code   RO          481    i.HAL_CRC_MspInit   crc.o
    0x080021a4   0x080021a4   0x000001a0   Code   RO         2468    i.HAL_DMA_IRQHandler  stm32f4xx_hal_dma.o
    0x08002344   0x08002344   0x000000d4   Code   RO         2469    i.HAL_DMA_Init      stm32f4xx_hal_dma.o
    0x08002418   0x08002418   0x00000024   Code   RO         2882    i.HAL_Delay         stm32f4xx_hal.o
    0x0800243c   0x0800243c   0x0000008c   Code   RO         9392    i.HAL_GPIO_EXTI_Callback  ins.o
    0x080024c8   0x080024c8   0x00000018   Code   RO         2355    i.HAL_GPIO_EXTI_IRQHandler  stm32f4xx_hal_gpio.o
    0x080024e0   0x080024e0   0x000001f0   Code   RO         2356    i.HAL_GPIO_Init     stm32f4xx_hal_gpio.o
    0x080026d0   0x080026d0   0x0000000a   Code   RO         2358    i.HAL_GPIO_ReadPin  stm32f4xx_hal_gpio.o
    0x080026da   0x080026da   0x0000000a   Code   RO         2360    i.HAL_GPIO_WritePin  stm32f4xx_hal_gpio.o
    0x080026e4   0x080026e4   0x0000000c   Code   RO         2888    i.HAL_GetTick       stm32f4xx_hal.o
    0x080026f0   0x080026f0   0x00000188   Code   RO         3716    i.HAL_I2C_Init      stm32f4xx_hal_i2c.o
    0x08002878   0x08002878   0x000001f8   Code   RO         3734    i.HAL_I2C_Mem_Read  stm32f4xx_hal_i2c.o
    0x08002a70   0x08002a70   0x00000130   Code   RO         3737    i.HAL_I2C_Mem_Write  stm32f4xx_hal_i2c.o
    0x08002ba0   0x08002ba0   0x00000158   Code   RO          547    i.HAL_I2C_MspInit   i2c.o
    0x08002cf8   0x08002cf8   0x00000010   Code   RO         2894    i.HAL_IncTick       stm32f4xx_hal.o
    0x08002d08   0x08002d08   0x00000034   Code   RO         2895    i.HAL_Init          stm32f4xx_hal.o
    0x08002d3c   0x08002d3c   0x00000040   Code   RO         2896    i.HAL_InitTick      stm32f4xx_hal.o
    0x08002d7c   0x08002d7c   0x00000038   Code   RO         1392    i.HAL_MspInit       stm32f4xx_hal_msp.o
    0x08002db4   0x08002db4   0x0000001a   Code   RO         2745    i.HAL_NVIC_EnableIRQ  stm32f4xx_hal_cortex.o
    0x08002dce   0x08002dce   0x00000002   PAD
    0x08002dd0   0x08002dd0   0x00000040   Code   RO         2751    i.HAL_NVIC_SetPriority  stm32f4xx_hal_cortex.o
    0x08002e10   0x08002e10   0x00000024   Code   RO         2752    i.HAL_NVIC_SetPriorityGrouping  stm32f4xx_hal_cortex.o
    0x08002e34   0x08002e34   0x00000002   Code   RO         1655    i.HAL_PCDEx_LPM_Callback  stm32f4xx_hal_pcd_ex.o
    0x08002e36   0x08002e36   0x00000008   Code   RO         1656    i.HAL_PCDEx_SetRxFiFo  stm32f4xx_hal_pcd_ex.o
    0x08002e3e   0x08002e3e   0x00000044   Code   RO         1657    i.HAL_PCDEx_SetTxFiFo  stm32f4xx_hal_pcd_ex.o
    0x08002e82   0x08002e82   0x00000008   Code   RO          912    i.HAL_PCD_ConnectCallback  usbd_conf.o
    0x08002e8a   0x08002e8a   0x00000012   Code   RO          913    i.HAL_PCD_DataInStageCallback  usbd_conf.o
    0x08002e9c   0x08002e9c   0x00000014   Code   RO          914    i.HAL_PCD_DataOutStageCallback  usbd_conf.o
    0x08002eb0   0x08002eb0   0x00000008   Code   RO          915    i.HAL_PCD_DisconnectCallback  usbd_conf.o
    0x08002eb8   0x08002eb8   0x0000001e   Code   RO         1425    i.HAL_PCD_EP_Abort  stm32f4xx_hal_pcd.o
    0x08002ed6   0x08002ed6   0x0000004c   Code   RO         1426    i.HAL_PCD_EP_Close  stm32f4xx_hal_pcd.o
    0x08002f22   0x08002f22   0x0000005c   Code   RO         1427    i.HAL_PCD_EP_ClrStall  stm32f4xx_hal_pcd.o
    0x08002f7e   0x08002f7e   0x00000012   Code   RO         1429    i.HAL_PCD_EP_GetRxCount  stm32f4xx_hal_pcd.o
    0x08002f90   0x08002f90   0x00000060   Code   RO         1430    i.HAL_PCD_EP_Open   stm32f4xx_hal_pcd.o
    0x08002ff0   0x08002ff0   0x00000048   Code   RO         1431    i.HAL_PCD_EP_Receive  stm32f4xx_hal_pcd.o
    0x08003038   0x08003038   0x00000074   Code   RO         1432    i.HAL_PCD_EP_SetStall  stm32f4xx_hal_pcd.o
    0x080030ac   0x080030ac   0x00000040   Code   RO         1433    i.HAL_PCD_EP_Transmit  stm32f4xx_hal_pcd.o
    0x080030ec   0x080030ec   0x00000560   Code   RO         1435    i.HAL_PCD_IRQHandler  stm32f4xx_hal_pcd.o
    0x0800364c   0x0800364c   0x00000008   Code   RO          916    i.HAL_PCD_ISOINIncompleteCallback  usbd_conf.o
    0x08003654   0x08003654   0x00000008   Code   RO          917    i.HAL_PCD_ISOOUTIncompleteCallback  usbd_conf.o
    0x0800365c   0x0800365c   0x000000e2   Code   RO         1438    i.HAL_PCD_Init      stm32f4xx_hal_pcd.o
    0x0800373e   0x0800373e   0x00000002   PAD
    0x08003740   0x08003740   0x00000084   Code   RO          919    i.HAL_PCD_MspInit   usbd_conf.o
    0x080037c4   0x080037c4   0x0000002c   Code   RO          920    i.HAL_PCD_ResetCallback  usbd_conf.o
    0x080037f0   0x080037f0   0x00000008   Code   RO          921    i.HAL_PCD_ResumeCallback  usbd_conf.o
    0x080037f8   0x080037f8   0x00000008   Code   RO          922    i.HAL_PCD_SOFCallback  usbd_conf.o
    0x08003800   0x08003800   0x00000028   Code   RO         1444    i.HAL_PCD_SetAddress  stm32f4xx_hal_pcd.o
    0x08003828   0x08003828   0x0000000e   Code   RO          923    i.HAL_PCD_SetupStageCallback  usbd_conf.o
    0x08003836   0x08003836   0x00000042   Code   RO         1447    i.HAL_PCD_Start     stm32f4xx_hal_pcd.o
    0x08003878   0x08003878   0x00000030   Code   RO          924    i.HAL_PCD_SuspendCallback  usbd_conf.o
    0x080038a8   0x080038a8   0x0000013c   Code   RO         2107    i.HAL_RCCEx_PeriphCLKConfig  stm32f4xx_hal_rcc_ex.o
    0x080039e4   0x080039e4   0x00000134   Code   RO         2002    i.HAL_RCC_ClockConfig  stm32f4xx_hal_rcc.o
    0x08003b18   0x08003b18   0x0000000c   Code   RO         2007    i.HAL_RCC_GetHCLKFreq  stm32f4xx_hal_rcc.o
    0x08003b24   0x08003b24   0x00000020   Code   RO         2009    i.HAL_RCC_GetPCLK1Freq  stm32f4xx_hal_rcc.o
    0x08003b44   0x08003b44   0x00000020   Code   RO         2010    i.HAL_RCC_GetPCLK2Freq  stm32f4xx_hal_rcc.o
    0x08003b64   0x08003b64   0x00000064   Code   RO         2011    i.HAL_RCC_GetSysClockFreq  stm32f4xx_hal_rcc.o
    0x08003bc8   0x08003bc8   0x0000036c   Code   RO         2014    i.HAL_RCC_OscConfig  stm32f4xx_hal_rcc.o
    0x08003f34   0x08003f34   0x00000032   Code   RO         4164    i.HAL_RNG_Init      stm32f4xx_hal_rng.o
    0x08003f66   0x08003f66   0x00000002   PAD
    0x08003f68   0x08003f68   0x00000028   Code   RO          601    i.HAL_RNG_MspInit   rng.o
    0x08003f90   0x08003f90   0x0000008c   Code   RO         4270    i.HAL_RTC_Init      stm32f4xx_hal_rtc.o
    0x0800401c   0x0800401c   0x0000003c   Code   RO          643    i.HAL_RTC_MspInit   rtc.o
    0x08004058   0x08004058   0x00000036   Code   RO         4278    i.HAL_RTC_WaitForSynchro  stm32f4xx_hal_rtc.o
    0x0800408e   0x0800408e   0x000000bc   Code   RO         4669    i.HAL_SPI_Init      stm32f4xx_hal_spi.o
    0x0800414a   0x0800414a   0x00000002   PAD
    0x0800414c   0x0800414c   0x00000148   Code   RO          685    i.HAL_SPI_MspInit   spi.o
    0x08004294   0x08004294   0x000001e2   Code   RO         4678    i.HAL_SPI_TransmitReceive  stm32f4xx_hal_spi.o
    0x08004476   0x08004476   0x00000028   Code   RO         2756    i.HAL_SYSTICK_Config  stm32f4xx_hal_cortex.o
    0x0800449e   0x0800449e   0x00000054   Code   RO         5689    i.HAL_TIMEx_ConfigBreakDeadTime  stm32f4xx_hal_tim_ex.o
    0x080044f2   0x080044f2   0x00000002   PAD
    0x080044f4   0x080044f4   0x00000090   Code   RO         5705    i.HAL_TIMEx_MasterConfigSynchronization  stm32f4xx_hal_tim_ex.o
    0x08004584   0x08004584   0x0000005a   Code   RO         4982    i.HAL_TIM_Base_Init  stm32f4xx_hal_tim.o
    0x080045de   0x080045de   0x00000002   PAD
    0x080045e0   0x080045e0   0x000000ac   Code   RO          733    i.HAL_TIM_Base_MspInit  tim.o
    0x0800468c   0x0800468c   0x000000dc   Code   RO         4991    i.HAL_TIM_ConfigClockSource  stm32f4xx_hal_tim.o
    0x08004768   0x08004768   0x00000164   Code   RO          734    i.HAL_TIM_MspPostInit  tim.o
    0x080048cc   0x080048cc   0x000000cc   Code   RO         5054    i.HAL_TIM_PWM_ConfigChannel  stm32f4xx_hal_tim.o
    0x08004998   0x08004998   0x0000005a   Code   RO         5057    i.HAL_TIM_PWM_Init  stm32f4xx_hal_tim.o
    0x080049f2   0x080049f2   0x00000002   Code   RO         5059    i.HAL_TIM_PWM_MspInit  stm32f4xx_hal_tim.o
    0x080049f4   0x080049f4   0x00000062   Code   RO         5982    i.HAL_UART_Init     stm32f4xx_hal_uart.o
    0x08004a56   0x08004a56   0x00000002   PAD
    0x08004a58   0x08004a58   0x0000026c   Code   RO          811    i.HAL_UART_MspInit  usart.o
    0x08004cc4   0x08004cc4   0x000000b2   Code   RO         5990    i.HAL_UART_Transmit  stm32f4xx_hal_uart.o
    0x08004d76   0x08004d76   0x00000002   Code   RO         1274    i.HardFault_Handler  stm32f4xx_it.o
    0x08004d78   0x08004d78   0x0000002e   Code   RO         3758    i.I2C_IsAcknowledgeFailed  stm32f4xx_hal_i2c.o
    0x08004da6   0x08004da6   0x00000002   PAD
    0x08004da8   0x08004da8   0x000000fc   Code   RO         3768    i.I2C_RequestMemoryRead  stm32f4xx_hal_i2c.o
    0x08004ea4   0x08004ea4   0x000000a8   Code   RO         3769    i.I2C_RequestMemoryWrite  stm32f4xx_hal_i2c.o
    0x08004f4c   0x08004f4c   0x0000004c   Code   RO         3773    i.I2C_WaitOnBTFFlagUntilTimeout  stm32f4xx_hal_i2c.o
    0x08004f98   0x08004f98   0x00000068   Code   RO         3774    i.I2C_WaitOnFlagUntilTimeout  stm32f4xx_hal_i2c.o
    0x08005000   0x08005000   0x00000096   Code   RO         3775    i.I2C_WaitOnMasterAddressFlagUntilTimeout  stm32f4xx_hal_i2c.o
    0x08005096   0x08005096   0x00000066   Code   RO         3776    i.I2C_WaitOnRXNEFlagUntilTimeout  stm32f4xx_hal_i2c.o
    0x080050fc   0x080050fc   0x0000004c   Code   RO         3777    i.I2C_WaitOnTXEFlagUntilTimeout  stm32f4xx_hal_i2c.o
    0x08005148   0x08005148   0x00000038   Code   RO         1119    i.IntToUnicode      usbd_desc.o
    0x08005180   0x08005180   0x00000064   Code   RO          385    i.MX_ADC1_Init      adc.o
    0x080051e4   0x080051e4   0x00000064   Code   RO          386    i.MX_ADC3_Init      adc.o
    0x08005248   0x08005248   0x00000044   Code   RO          433    i.MX_CAN1_Init      can.o
    0x0800528c   0x0800528c   0x00000044   Code   RO          434    i.MX_CAN2_Init      can.o
    0x080052d0   0x080052d0   0x00000024   Code   RO          482    i.MX_CRC_Init       crc.o
    0x080052f4   0x080052f4   0x000000ac   Code   RO          522    i.MX_DMA_Init       dma.o
    0x080053a0   0x080053a0   0x0000003c   Code   RO          315    i.MX_FREERTOS_Init  freertos.o
    0x080053dc   0x080053dc   0x000001c8   Code   RO          291    i.MX_GPIO_Init      gpio.o
    0x080055a4   0x080055a4   0x00000040   Code   RO          548    i.MX_I2C1_Init      i2c.o
    0x080055e4   0x080055e4   0x00000040   Code   RO          549    i.MX_I2C2_Init      i2c.o
    0x08005624   0x08005624   0x00000040   Code   RO          550    i.MX_I2C3_Init      i2c.o
    0x08005664   0x08005664   0x00000024   Code   RO          602    i.MX_RNG_Init       rng.o
    0x08005688   0x08005688   0x00000038   Code   RO          644    i.MX_RTC_Init       rtc.o
    0x080056c0   0x080056c0   0x00000048   Code   RO          686    i.MX_SPI1_Init      spi.o
    0x08005708   0x08005708   0x00000048   Code   RO          687    i.MX_SPI2_Init      spi.o
    0x08005750   0x08005750   0x00000064   Code   RO          735    i.MX_TIM10_Init     tim.o
    0x080057b4   0x080057b4   0x000000fc   Code   RO          736    i.MX_TIM1_Init      tim.o
    0x080058b0   0x080058b0   0x00000098   Code   RO          737    i.MX_TIM3_Init      tim.o
    0x08005948   0x08005948   0x00000098   Code   RO          738    i.MX_TIM4_Init      tim.o
    0x080059e0   0x080059e0   0x000000b8   Code   RO          739    i.MX_TIM5_Init      tim.o
    0x08005a98   0x08005a98   0x000000dc   Code   RO          740    i.MX_TIM8_Init      tim.o
    0x08005b74   0x08005b74   0x0000003c   Code   RO          812    i.MX_USART1_UART_Init  usart.o
    0x08005bb0   0x08005bb0   0x00000040   Code   RO          813    i.MX_USART3_UART_Init  usart.o
    0x08005bf0   0x08005bf0   0x0000003c   Code   RO          814    i.MX_USART6_UART_Init  usart.o
    0x08005c2c   0x08005c2c   0x00000054   Code   RO          864    i.MX_USB_DEVICE_Init  usb_device.o
    0x08005c80   0x08005c80   0x00000002   Code   RO         1275    i.MemManage_Handler  stm32f4xx_it.o
    0x08005c82   0x08005c82   0x00000002   Code   RO         1276    i.NMI_Handler       stm32f4xx_it.o
    0x08005c84   0x08005c84   0x0000000c   Code   RO         1277    i.OTG_FS_IRQHandler  stm32f4xx_it.o
    0x08005c90   0x08005c90   0x000000cc   Code   RO         1451    i.PCD_EP_OutXfrComplete_int  stm32f4xx_hal_pcd.o
    0x08005d5c   0x08005d5c   0x000000a2   Code   RO         1452    i.PCD_WriteEmptyTxFifo  stm32f4xx_hal_pcd.o
    0x08005dfe   0x08005dfe   0x00000002   PAD
    0x08005e00   0x08005e00   0x00000060   Code   RO        11358    i.RC_Init           bsp_rc.o
    0x08005e60   0x08005e60   0x0000003c   Code   RO        11359    i.RC_restart        bsp_rc.o
    0x08005e9c   0x08005e9c   0x00000014   Code   RO        11360    i.RC_unable         bsp_rc.o
    0x08005eb0   0x08005eb0   0x00000048   Code   RO         4281    i.RTC_EnterInitMode  stm32f4xx_hal_rtc.o
    0x08005ef8   0x08005ef8   0x0000002a   Code   RO         4282    i.RTC_ExitInitMode  stm32f4xx_hal_rtc.o
    0x08005f22   0x08005f22   0x00000002   PAD
    0x08005f24   0x08005f24   0x00001274   Code   RO        11639    i.SPI1_DMA_enable   bsp_spi.o
    0x08007198   0x08007198   0x000000f0   Code   RO        11640    i.SPI1_DMA_init     bsp_spi.o
    0x08007288   0x08007288   0x00000058   Code   RO         4707    i.SPI_EndRxTxTransaction  stm32f4xx_hal_spi.o
    0x080072e0   0x080072e0   0x000000b8   Code   RO         4712    i.SPI_WaitFlagStateUntilTimeout  stm32f4xx_hal_spi.o
    0x08007398   0x08007398   0x0000000a   Code   RO         8011    i.SWAPBYTE          usbd_ctlreq.o
    0x080073a2   0x080073a2   0x00000018   Code   RO         1278    i.SysTick_Handler   stm32f4xx_it.o
    0x080073ba   0x080073ba   0x00000002   PAD
    0x080073bc   0x080073bc   0x00000094   Code   RO           14    i.SystemClock_Config  main.o
    0x08007450   0x08007450   0x00000010   Code   RO         6311    i.SystemInit        system_stm32f4xx.o
    0x08007460   0x08007460   0x00000004   Code   RO         8250    i.System_Resource_Init  system_config.o
    0x08007464   0x08007464   0x000000c8   Code   RO         5075    i.TIM_Base_SetConfig  stm32f4xx_hal_tim.o
    0x0800752c   0x0800752c   0x00000014   Code   RO         5086    i.TIM_ETR_SetConfig  stm32f4xx_hal_tim.o
    0x08007540   0x08007540   0x00000010   Code   RO         5087    i.TIM_ITRx_SetConfig  stm32f4xx_hal_tim.o
    0x08007550   0x08007550   0x00000060   Code   RO         5088    i.TIM_OC1_SetConfig  stm32f4xx_hal_tim.o
    0x080075b0   0x080075b0   0x0000006c   Code   RO         5089    i.TIM_OC2_SetConfig  stm32f4xx_hal_tim.o
    0x0800761c   0x0800761c   0x00000068   Code   RO         5090    i.TIM_OC3_SetConfig  stm32f4xx_hal_tim.o
    0x08007684   0x08007684   0x00000050   Code   RO         5091    i.TIM_OC4_SetConfig  stm32f4xx_hal_tim.o
    0x080076d4   0x080076d4   0x00000022   Code   RO         5093    i.TIM_TI1_ConfigInputStage  stm32f4xx_hal_tim.o
    0x080076f6   0x080076f6   0x00000024   Code   RO         5095    i.TIM_TI2_ConfigInputStage  stm32f4xx_hal_tim.o
    0x0800771a   0x0800771a   0x00000002   PAD
    0x0800771c   0x0800771c   0x000000a8   Code   RO         8251    i.Task_start        system_config.o
    0x080077c4   0x080077c4   0x0000010c   Code   RO         6008    i.UART_SetConfig    stm32f4xx_hal_uart.o
    0x080078d0   0x080078d0   0x00000078   Code   RO         6011    i.UART_WaitOnFlagUntilTimeout  stm32f4xx_hal_uart.o
    0x08007948   0x08007948   0x000000ac   Code   RO         9229    i.USART1_IRQHandler  communicate.o
    0x080079f4   0x080079f4   0x000000cc   Code   RO         9230    i.USART3_IRQHandler  communicate.o
    0x08007ac0   0x08007ac0   0x000000b8   Code   RO         9231    i.USART6_IRQHandler  communicate.o
    0x08007b78   0x08007b78   0x00000076   Code   RO         8144    i.USBD_CDC_DataIn   usbd_cdc.o
    0x08007bee   0x08007bee   0x0000003c   Code   RO         8145    i.USBD_CDC_DataOut  usbd_cdc.o
    0x08007c2a   0x08007c2a   0x00000002   PAD
    0x08007c2c   0x08007c2c   0x00000090   Code   RO         8146    i.USBD_CDC_DeInit   usbd_cdc.o
    0x08007cbc   0x08007cbc   0x00000036   Code   RO         8147    i.USBD_CDC_EP0_RxReady  usbd_cdc.o
    0x08007cf2   0x08007cf2   0x00000002   PAD
    0x08007cf4   0x08007cf4   0x0000000c   Code   RO         8148    i.USBD_CDC_GetDeviceQualifierDescriptor  usbd_cdc.o
    0x08007d00   0x08007d00   0x0000003c   Code   RO         8149    i.USBD_CDC_GetFSCfgDesc  usbd_cdc.o
    0x08007d3c   0x08007d3c   0x00000040   Code   RO         8150    i.USBD_CDC_GetHSCfgDesc  usbd_cdc.o
    0x08007d7c   0x08007d7c   0x0000003c   Code   RO         8151    i.USBD_CDC_GetOtherSpeedCfgDesc  usbd_cdc.o
    0x08007db8   0x08007db8   0x00000118   Code   RO         8152    i.USBD_CDC_Init     usbd_cdc.o
    0x08007ed0   0x08007ed0   0x00000038   Code   RO         8153    i.USBD_CDC_ReceivePacket  usbd_cdc.o
    0x08007f08   0x08007f08   0x00000016   Code   RO         8154    i.USBD_CDC_RegisterInterface  usbd_cdc.o
    0x08007f1e   0x08007f1e   0x0000001a   Code   RO         8155    i.USBD_CDC_SetRxBuffer  usbd_cdc.o
    0x08007f38   0x08007f38   0x0000001e   Code   RO         8156    i.USBD_CDC_SetTxBuffer  usbd_cdc.o
    0x08007f56   0x08007f56   0x000000d4   Code   RO         8157    i.USBD_CDC_Setup    usbd_cdc.o
    0x0800802a   0x0800802a   0x00000014   Code   RO         7852    i.USBD_ClrClassConfig  usbd_core.o
    0x0800803e   0x0800803e   0x00000004   Code   RO         7853    i.USBD_CoreFindEP   usbd_core.o
    0x08008042   0x08008042   0x00000004   Code   RO         7854    i.USBD_CoreFindIF   usbd_core.o
    0x08008046   0x08008046   0x00000010   Code   RO         8084    i.USBD_CtlContinueRx  usbd_ioreq.o
    0x08008056   0x08008056   0x00000010   Code   RO         8085    i.USBD_CtlContinueSendData  usbd_ioreq.o
    0x08008066   0x08008066   0x00000016   Code   RO         8012    i.USBD_CtlError     usbd_ctlreq.o
    0x0800807c   0x0800807c   0x0000001e   Code   RO         8086    i.USBD_CtlPrepareRx  usbd_ioreq.o
    0x0800809a   0x0800809a   0x00000016   Code   RO         8087    i.USBD_CtlReceiveStatus  usbd_ioreq.o
    0x080080b0   0x080080b0   0x0000001a   Code   RO         8088    i.USBD_CtlSendData  usbd_ioreq.o
    0x080080ca   0x080080ca   0x00000016   Code   RO         8089    i.USBD_CtlSendStatus  usbd_ioreq.o
    0x080080e0   0x080080e0   0x00000020   Code   RO         1120    i.USBD_FS_ConfigStrDescriptor  usbd_desc.o
    0x08008100   0x08008100   0x0000000c   Code   RO         1121    i.USBD_FS_DeviceDescriptor  usbd_desc.o
    0x0800810c   0x0800810c   0x00000024   Code   RO         1122    i.USBD_FS_InterfaceStrDescriptor  usbd_desc.o
    0x08008130   0x08008130   0x0000000c   Code   RO         1123    i.USBD_FS_LangIDStrDescriptor  usbd_desc.o
    0x0800813c   0x0800813c   0x00000028   Code   RO         1124    i.USBD_FS_ManufacturerStrDescriptor  usbd_desc.o
    0x08008164   0x08008164   0x0000002c   Code   RO         1125    i.USBD_FS_ProductStrDescriptor  usbd_desc.o
    0x08008190   0x08008190   0x00000038   Code   RO         1126    i.USBD_FS_SerialStrDescriptor  usbd_desc.o
    0x080081c8   0x080081c8   0x000000e6   Code   RO         8013    i.USBD_GetDescriptor  usbd_ctlreq.o
    0x080082ae   0x080082ae   0x0000003a   Code   RO         7856    i.USBD_GetEpDesc    usbd_core.o
    0x080082e8   0x080082e8   0x0000000e   Code   RO         7857    i.USBD_GetNextDesc  usbd_core.o
    0x080082f6   0x080082f6   0x00000048   Code   RO         8014    i.USBD_GetString    usbd_ctlreq.o
    0x0800833e   0x0800833e   0x00000018   Code   RO          925    i.USBD_Get_USB_Status  usbd_conf.o
    0x08008356   0x08008356   0x00000026   Code   RO         7858    i.USBD_Init         usbd_core.o
    0x0800837c   0x0800837c   0x00000012   Code   RO          926    i.USBD_LL_ClearStallEP  usbd_conf.o
    0x0800838e   0x0800838e   0x00000012   Code   RO          927    i.USBD_LL_CloseEP   usbd_conf.o
    0x080083a0   0x080083a0   0x000000b6   Code   RO         7859    i.USBD_LL_DataInStage  usbd_core.o
    0x08008456   0x08008456   0x0000008e   Code   RO         7860    i.USBD_LL_DataOutStage  usbd_core.o
    0x080084e4   0x080084e4   0x00000004   Code   RO         7861    i.USBD_LL_DevConnected  usbd_core.o
    0x080084e8   0x080084e8   0x0000001e   Code   RO         7862    i.USBD_LL_DevDisconnected  usbd_core.o
    0x08008506   0x08008506   0x00000008   Code   RO          931    i.USBD_LL_GetRxDataSize  usbd_conf.o
    0x0800850e   0x0800850e   0x00000002   PAD
    0x08008510   0x08008510   0x00000060   Code   RO          932    i.USBD_LL_Init      usbd_conf.o
    0x08008570   0x08008570   0x00000020   Code   RO          933    i.USBD_LL_IsStallEP  usbd_conf.o
    0x08008590   0x08008590   0x00000028   Code   RO         7863    i.USBD_LL_IsoINIncomplete  usbd_core.o
    0x080085b8   0x080085b8   0x00000028   Code   RO         7864    i.USBD_LL_IsoOUTIncomplete  usbd_core.o
    0x080085e0   0x080085e0   0x00000018   Code   RO          934    i.USBD_LL_OpenEP    usbd_conf.o
    0x080085f8   0x080085f8   0x00000012   Code   RO          935    i.USBD_LL_PrepareReceive  usbd_conf.o
    0x0800860a   0x0800860a   0x0000005c   Code   RO         7865    i.USBD_LL_Reset     usbd_core.o
    0x08008666   0x08008666   0x00000014   Code   RO         7866    i.USBD_LL_Resume    usbd_core.o
    0x0800867a   0x0800867a   0x0000001a   Code   RO         7867    i.USBD_LL_SOF       usbd_core.o
    0x08008694   0x08008694   0x00000006   Code   RO         7868    i.USBD_LL_SetSpeed  usbd_core.o
    0x0800869a   0x0800869a   0x00000012   Code   RO          936    i.USBD_LL_SetUSBAddress  usbd_conf.o
    0x080086ac   0x080086ac   0x00000060   Code   RO         7869    i.USBD_LL_SetupStage  usbd_core.o
    0x0800870c   0x0800870c   0x00000012   Code   RO          937    i.USBD_LL_StallEP   usbd_conf.o
    0x0800871e   0x0800871e   0x00000012   Code   RO          938    i.USBD_LL_Start     usbd_conf.o
    0x08008730   0x08008730   0x00000012   Code   RO         7870    i.USBD_LL_Suspend   usbd_core.o
    0x08008742   0x08008742   0x00000012   Code   RO          940    i.USBD_LL_Transmit  usbd_conf.o
    0x08008754   0x08008754   0x0000002c   Code   RO         8015    i.USBD_ParseSetupRequest  usbd_ctlreq.o
    0x08008780   0x08008780   0x0000003a   Code   RO         7871    i.USBD_RegisterClass  usbd_core.o
    0x080087ba   0x080087ba   0x00000014   Code   RO         7873    i.USBD_SetClassConfig  usbd_core.o
    0x080087ce   0x080087ce   0x00000002   PAD
    0x080087d0   0x080087d0   0x000000b8   Code   RO         8016    i.USBD_SetConfig    usbd_ctlreq.o
    0x08008888   0x08008888   0x00000004   Code   RO         7874    i.USBD_Start        usbd_core.o
    0x0800888c   0x0800888c   0x0000012c   Code   RO         8017    i.USBD_StdDevReq    usbd_ctlreq.o
    0x080089b8   0x080089b8   0x00000160   Code   RO         8018    i.USBD_StdEPReq     usbd_ctlreq.o
    0x08008b18   0x08008b18   0x00000072   Code   RO         8019    i.USBD_StdItfReq    usbd_ctlreq.o
    0x08008b8a   0x08008b8a   0x00000002   Code   RO          941    i.USBD_static_free  usbd_conf.o
    0x08008b8c   0x08008b8c   0x00000008   Code   RO          942    i.USBD_static_malloc  usbd_conf.o
    0x08008b94   0x08008b94   0x00000080   Code   RO         1697    i.USB_ActivateEndpoint  stm32f4xx_ll_usb.o
    0x08008c14   0x08008c14   0x0000001c   Code   RO         1699    i.USB_ActivateSetup  stm32f4xx_ll_usb.o
    0x08008c30   0x08008c30   0x00000074   Code   RO         1701    i.USB_CoreInit      stm32f4xx_ll_usb.o
    0x08008ca4   0x08008ca4   0x00000040   Code   RO         1702    i.USB_CoreReset     stm32f4xx_ll_usb.o
    0x08008ce4   0x08008ce4   0x000000cc   Code   RO         1705    i.USB_DeactivateEndpoint  stm32f4xx_ll_usb.o
    0x08008db0   0x08008db0   0x0000001c   Code   RO         1706    i.USB_DevConnect    stm32f4xx_ll_usb.o
    0x08008dcc   0x08008dcc   0x0000001c   Code   RO         1707    i.USB_DevDisconnect  stm32f4xx_ll_usb.o
    0x08008de8   0x08008de8   0x00000174   Code   RO         1708    i.USB_DevInit       stm32f4xx_ll_usb.o
    0x08008f5c   0x08008f5c   0x0000000c   Code   RO         1709    i.USB_DisableGlobalInt  stm32f4xx_ll_usb.o
    0x08008f68   0x08008f68   0x0000011c   Code   RO         1712    i.USB_EP0StartXfer  stm32f4xx_ll_usb.o
    0x08009084   0x08009084   0x00000058   Code   RO         1713    i.USB_EP0_OutStart  stm32f4xx_ll_usb.o
    0x080090dc   0x080090dc   0x00000058   Code   RO         1714    i.USB_EPClearStall  stm32f4xx_ll_usb.o
    0x08009134   0x08009134   0x00000058   Code   RO         1715    i.USB_EPSetStall    stm32f4xx_ll_usb.o
    0x0800918c   0x0800918c   0x000001e4   Code   RO         1716    i.USB_EPStartXfer   stm32f4xx_ll_usb.o
    0x08009370   0x08009370   0x0000009e   Code   RO         1717    i.USB_EPStopXfer    stm32f4xx_ll_usb.o
    0x0800940e   0x0800940e   0x0000000c   Code   RO         1718    i.USB_EnableGlobalInt  stm32f4xx_ll_usb.o
    0x0800941a   0x0800941a   0x00000002   PAD
    0x0800941c   0x0800941c   0x0000003c   Code   RO         1719    i.USB_FlushRxFifo   stm32f4xx_ll_usb.o
    0x08009458   0x08009458   0x00000040   Code   RO         1720    i.USB_FlushTxFifo   stm32f4xx_ll_usb.o
    0x08009498   0x08009498   0x0000001a   Code   RO         1722    i.USB_GetDevSpeed   stm32f4xx_ll_usb.o
    0x080094b2   0x080094b2   0x00000008   Code   RO         1724    i.USB_GetMode       stm32f4xx_ll_usb.o
    0x080094ba   0x080094ba   0x0000000e   Code   RO         1731    i.USB_ReadDevAllInEpInterrupt  stm32f4xx_ll_usb.o
    0x080094c8   0x080094c8   0x0000000e   Code   RO         1732    i.USB_ReadDevAllOutEpInterrupt  stm32f4xx_ll_usb.o
    0x080094d6   0x080094d6   0x00000024   Code   RO         1733    i.USB_ReadDevInEPInterrupt  stm32f4xx_ll_usb.o
    0x080094fa   0x080094fa   0x00000010   Code   RO         1734    i.USB_ReadDevOutEPInterrupt  stm32f4xx_ll_usb.o
    0x0800950a   0x0800950a   0x00000008   Code   RO         1735    i.USB_ReadInterrupts  stm32f4xx_ll_usb.o
    0x08009512   0x08009512   0x0000003e   Code   RO         1736    i.USB_ReadPacket    stm32f4xx_ll_usb.o
    0x08009550   0x08009550   0x0000005c   Code   RO         1738    i.USB_SetCurrentMode  stm32f4xx_ll_usb.o
    0x080095ac   0x080095ac   0x00000022   Code   RO         1739    i.USB_SetDevAddress  stm32f4xx_ll_usb.o
    0x080095ce   0x080095ce   0x00000002   PAD
    0x080095d0   0x080095d0   0x000000e8   Code   RO         1741    i.USB_SetTurnaroundTime  stm32f4xx_ll_usb.o
    0x080096b8   0x080096b8   0x00000028   Code   RO         1744    i.USB_WritePacket   stm32f4xx_ll_usb.o
    0x080096e0   0x080096e0   0x00000002   Code   RO         1279    i.UsageFault_Handler  stm32f4xx_it.o
    0x080096e2   0x080096e2   0x00000002   PAD
    0x080096e4   0x080096e4   0x0000003c   Code   RO         9769    i._Z10crc32_corePjj  can_receive.o
    0x08009720   0x08009720   0x00000040   Code   RO         8721    i._Z10joint_taskPv  chassis_task.o
    0x08009760   0x08009760   0x00000050   Code   RO         8835    i._Z11detect_hookh  detect_task.o
    0x080097b0   0x080097b0   0x00000040   Code   RO         8722    i._Z12chassis_taskPv  chassis_task.o
    0x080097f0   0x080097f0   0x00000064   Code   RO         9393    i._Z13INS_cali_gyroPfS_Pt  ins.o
    0x08009854   0x08009854   0x000000c0   Code   RO         9893    i._Z13if_key_pessedPK9RC_ctrl_tc  remote_control.o
    0x08009914   0x08009914   0x00000054   Code   RO         8950    i._Z14cali_gyro_hookPjh  calibrate_task.o
    0x08009968   0x08009968   0x0000003c   Code   RO         8951    i._Z14cali_head_hookPjh  calibrate_task.o
    0x080099a4   0x080099a4   0x00000110   Code   RO         9394    i._Z15imu_cmd_spi_dmav  ins.o
    0x08009ab4   0x08009ab4   0x00000034   Code   RO         8796    i._Z16communicate_taskPv  communicate_task.o
    0x08009ae8   0x08009ae8   0x0000004c   Code   RO         9395    i._Z16gyro_offset_calcPfS_Pt  ins.o
    0x08009b34   0x08009b34   0x0000008c   Code   RO         9396    i._Z16imu_temp_controlf  ins.o
    0x08009bc0   0x08009bc0   0x00000028   Code   RO         9397    i._Z17INS_set_cali_gyroPfS_  ins.o
    0x08009be8   0x08009be8   0x0000000c   Code   RO         8957    i._Z23get_control_temperaturev  calibrate_task.o
    0x08009bf4   0x08009bf4   0x0000001c   Code   RO         8889    i._Z8ins_taskPv     ins_task.o
    0x08009c10   0x08009c10   0x0000001c   Code   RO         9669    i._ZN11Can_receive20receive_rc_board_comEPh  can_receive.o
    0x08009c2c   0x08009c2c   0x00000034   Code   RO         9670    i._ZN11Can_receive20receive_ui_board_comEPh  can_receive.o
    0x08009c60   0x08009c60   0x00000034   Code   RO         9672    i._ZN11Can_receive24receive_gimbal_board_comEPh  can_receive.o
    0x08009c94   0x08009c94   0x0000000c   Code   RO         9673    i._ZN11Can_receive29get_joint_motor_measure_pointEh  can_receive.o
    0x08009ca0   0x08009ca0   0x0000015c   Code   RO         9675    i._ZN11Can_receive30get_joint_motive_motor_measureEiPh  can_receive.o
    0x08009dfc   0x08009dfc   0x00000026   Code   RO         9676    i._ZN11Can_receive32get_balance_motive_motor_measureEhPh  can_receive.o
    0x08009e22   0x08009e22   0x00000002   PAD
    0x08009e24   0x08009e24   0x00000050   Code   RO         9678    i._ZN11Can_receive37can_cmd_balahnce_chassis_motive_motorEss  can_receive.o
    0x08009e74   0x08009e74   0x0000000a   Code   RO         9679    i._ZN11Can_receive46get_chassis_motive_motor_balance_measure_pointEh  can_receive.o
    0x08009e7e   0x08009e7e   0x00000004   Code   RO         9680    i._ZN11Can_receive4initEv  can_receive.o
    0x08009e82   0x08009e82   0x00000002   PAD
    0x08009e84   0x08009e84   0x00000024   Code   RO         9232    i._ZN11Communicate3runEv  communicate.o
    0x08009ea8   0x08009ea8   0x00000038   Code   RO         9233    i._ZN11Communicate4initEv  communicate.o
    0x08009ee0   0x08009ee0   0x00000004   Code   RO         9583    i._ZN12MF9025_motor4initEPK20motor_9025_measure_t  motor.o
    0x08009ee4   0x08009ee4   0x00000048   Code   RO         9898    i._ZN14Remote_control14sbus_to_usart1Eh  remote_control.o
    0x08009f2c   0x08009f2c   0x00000004   Code   RO         9901    i._ZN14Remote_control24get_remote_control_pointEv  remote_control.o
    0x08009f30   0x08009f30   0x00000004   Code   RO         9902    i._ZN14Remote_control29get_last_remote_control_pointEv  remote_control.o
    0x08009f34   0x08009f34   0x00000014   Code   RO         9903    i._ZN14Remote_control4initEv  remote_control.o
    0x08009f48   0x08009f48   0x000000a8   Code   RO         9905    i._ZN14Remote_control6unpackEh  remote_control.o
    0x08009ff0   0x08009ff0   0x00000004   Code   RO         9584    i._ZN17UnitreeA1_motor_t4initEPK18motor_A1_measure_t  motor.o
    0x08009ff4   0x08009ff4   0x0000002a   Code   RO         9560    i._ZN18First_order_filter23first_order_filter_caliEf  first_order_filter.o
    0x0800a01e   0x0800a01e   0x00000002   PAD
    0x0800a020   0x0800a020   0x00000020   Code   RO         9561    i._ZN18First_order_filter4initEfPKf  first_order_filter.o
    0x0800a040   0x0800a040   0x00000170   Code   RO         9398    i._ZN3INS12INS_Info_GetEv  ins.o
    0x0800a1b0   0x0800a1b0   0x000000f0   Code   RO         9399    i._ZN3INS14imu_cali_sloveEPfS0_S0_P16BMI088_REAL_DATAP19ist8310_real_data_t  ins.o
    0x0800a2a0   0x0800a2a0   0x00000004   Code   RO         9401    i._ZN3INS19get_INS_angle_pointEv  ins.o
    0x0800a2a4   0x0800a2a4   0x00000004   Code   RO         9402    i._ZN3INS19get_gyro_data_pointEv  ins.o
    0x0800a2a8   0x0800a2a8   0x00000140   Code   RO         9404    i._ZN3INS4initEv    ins.o
    0x0800a3e8   0x0800a3e8   0x0000004e   Code   RO         9533    i._ZN3Pid4initE10pid_mode_ePKfPfS3_S3_  pid.o
    0x0800a436   0x0800a436   0x00000002   PAD
    0x0800a438   0x0800a438   0x000000d8   Code   RO         9534    i._ZN3Pid8pid_calcEv  pid.o
    0x0800a510   0x0800a510   0x00000030   Code   RO         9535    i._ZN3Pid9pid_clearEv  pid.o
    0x0800a540   0x0800a540   0x00000002   Code   RO         9317    i._ZN5Joint10power_ctrlEv  joint_motor.o
    0x0800a542   0x0800a542   0x00000002   PAD
    0x0800a544   0x0800a544   0x00000020   Code   RO         9318    i._ZN5Joint11set_contorlEv  joint_motor.o
    0x0800a564   0x0800a564   0x00000002   Code   RO         9319    i._ZN5Joint15feedback_updateEv  joint_motor.o
    0x0800a566   0x0800a566   0x00000002   PAD
    0x0800a568   0x0800a568   0x00000078   Code   RO         9320    i._ZN5Joint4initEv  joint_motor.o
    0x0800a5e0   0x0800a5e0   0x000001c8   Code   RO         9321    i._ZN5Joint5solveEv  joint_motor.o
    0x0800a7a8   0x0800a7a8   0x0000004c   Code   RO         9322    i._ZN5Joint6outputEv  joint_motor.o
    0x0800a7f4   0x0800a7f4   0x00000002   Code   RO         9323    i._ZN5Joint8set_modeEv  joint_motor.o
    0x0800a7f6   0x0800a7f6   0x00000002   Code   RO         9049    i._ZN7Chassis10power_ctrlEv  chassis.o
    0x0800a7f8   0x0800a7f8   0x00000140   Code   RO         9050    i._ZN7Chassis11set_contorlEv  chassis.o
    0x0800a938   0x0800a938   0x000000e0   Code   RO         9051    i._ZN7Chassis15feedback_updateEv  chassis.o
    0x0800aa18   0x0800aa18   0x00000054   Code   RO         9053    i._ZN7Chassis24chassis_open_set_controlEPfS0_S0_  chassis.o
    0x0800aa6c   0x0800aa6c   0x00000042   Code   RO         9055    i._ZN7Chassis26chassis_behaviour_mode_setEv  chassis.o
    0x0800aaae   0x0800aaae   0x00000002   PAD
    0x0800aab0   0x0800aab0   0x00000024   Code   RO         9056    i._ZN7Chassis26chassis_zero_force_controlEPfS0_S0_  chassis.o
    0x0800aad4   0x0800aad4   0x0000010c   Code   RO         9057    i._ZN7Chassis28chassis_rc_to_control_vectorEPfS0_  chassis.o
    0x0800abe0   0x0800abe0   0x0000004e   Code   RO         9058    i._ZN7Chassis29chassis_behaviour_control_setEPfS0_S0_  chassis.o
    0x0800ac2e   0x0800ac2e   0x00000002   PAD
    0x0800ac30   0x0800ac30   0x00000038   Code   RO         9059    i._ZN7Chassis29chassis_no_follow_yaw_controlEPfS0_S0_  chassis.o
    0x0800ac68   0x0800ac68   0x0000001c   Code   RO         9060    i._ZN7Chassis31chassis_no_move_balance_controlEPfS0_  chassis.o
    0x0800ac84   0x0800ac84   0x00000024   Code   RO         9062    i._ZN7Chassis42chassis_infantry_follow_gimbal_yaw_controlEPfS0_S0_  chassis.o
    0x0800aca8   0x0800aca8   0x00000114   Code   RO         9063    i._ZN7Chassis4initEv  chassis.o
    0x0800adbc   0x0800adbc   0x00000088   Code   RO         9064    i._ZN7Chassis5solveEv  chassis.o
    0x0800ae44   0x0800ae44   0x00000010   Code   RO         9065    i._ZN7Chassis6outputEv  chassis.o
    0x0800ae54   0x0800ae54   0x00000004   Code   RO         9066    i._ZN7Chassis8set_modeEv  chassis.o
    0x0800ae58   0x0800ae58   0x00000030   Code   RO        12358    i.__ARM_fpclassify  m_wm.l(fpclassify.o)
    0x0800ae88   0x0800ae88   0x00000026   Code   RO        12268    i.__ARM_fpclassifyf  m_wm.l(fpclassifyf.o)
    0x0800aeae   0x0800aeae   0x00000020   Code   RO         2758    i.__NVIC_SetPriority  stm32f4xx_hal_cortex.o
    0x0800aece   0x0800aece   0x00000002   PAD
    0x0800aed0   0x0800aed0   0x0000012c   Code   RO        12059    i.__hardfp_asinf    m_wm.l(asinf.o)
    0x0800affc   0x0800affc   0x00000250   Code   RO        12071    i.__hardfp_atan2f   m_wm.l(atan2f.o)
    0x0800b24c   0x0800b24c   0x00000150   Code   RO        12083    i.__hardfp_cosf     m_wm.l(cosf.o)
    0x0800b39c   0x0800b39c   0x00000004   PAD
    0x0800b3a0   0x0800b3a0   0x000000c8   Code   RO        12095    i.__hardfp_sin      m_wm.l(sin.o)
    0x0800b468   0x0800b468   0x00000190   Code   RO        12107    i.__hardfp_sinf     m_wm.l(sinf.o)
    0x0800b5f8   0x0800b5f8   0x0000003a   Code   RO        12131    i.__hardfp_sqrtf    m_wm.l(sqrtf_full.o)
    0x0800b632   0x0800b632   0x00000006   PAD
    0x0800b638   0x0800b638   0x00000438   Code   RO        12284    i.__ieee754_rem_pio2  m_wm.l(rred.o)
    0x0800ba70   0x0800ba70   0x00000170   Code   RO        12251    i.__kernel_cos      m_wm.l(cos_i.o)
    0x0800bbe0   0x0800bbe0   0x000000f8   Code   RO        12360    i.__kernel_poly     m_wm.l(poly.o)
    0x0800bcd8   0x0800bcd8   0x00000130   Code   RO        12292    i.__kernel_sin      m_wm.l(sin_i.o)
    0x0800be08   0x0800be08   0x00000014   Code   RO        12255    i.__mathlib_dbl_infnan  m_wm.l(dunder.o)
    0x0800be1c   0x0800be1c   0x00000004   PAD
    0x0800be20   0x0800be20   0x00000020   Code   RO        12257    i.__mathlib_dbl_invalid  m_wm.l(dunder.o)
    0x0800be40   0x0800be40   0x00000020   Code   RO        12260    i.__mathlib_dbl_underflow  m_wm.l(dunder.o)
    0x0800be60   0x0800be60   0x00000006   Code   RO        12271    i.__mathlib_flt_infnan  m_wm.l(funder.o)
    0x0800be66   0x0800be66   0x00000006   Code   RO        12272    i.__mathlib_flt_infnan2  m_wm.l(funder.o)
    0x0800be6c   0x0800be6c   0x00000010   Code   RO        12273    i.__mathlib_flt_invalid  m_wm.l(funder.o)
    0x0800be7c   0x0800be7c   0x00000010   Code   RO        12276    i.__mathlib_flt_underflow  m_wm.l(funder.o)
    0x0800be8c   0x0800be8c   0x00000154   Code   RO        12289    i.__mathlib_rredf2  m_wm.l(rredf.o)
    0x0800bfe0   0x0800bfe0   0x000001d0   Code   RO        11728    i.accel_comple_filter  AHRS.lib(ahrs.o)
    0x0800c1b0   0x0800c1b0   0x0000018c   Code   RO        11729    i.accel_update_kp_ki  AHRS.lib(ahrs.o)
    0x0800c33c   0x0800c33c   0x0000003c   Code   RO        11673    i.adcx_get_chx_value  bsp_adc.o
    0x0800c378   0x0800c378   0x0000016c   Code   RO        11730    i.angle_to_quat     AHRS.lib(ahrs.o)
    0x0800c4e4   0x0800c4e4   0x00000128   Code   RO        11137    i.bmi088_accel_init  bmi088driver.o
    0x0800c60c   0x0800c60c   0x000002c0   Code   RO        11138    i.bmi088_accel_self_test  bmi088driver.o
    0x0800c8cc   0x0800c8cc   0x000000dc   Code   RO        11139    i.bmi088_gyro_init  bmi088driver.o
    0x0800c9a8   0x0800c9a8   0x000000ca   Code   RO        11140    i.bmi088_gyro_self_test  bmi088driver.o
    0x0800ca72   0x0800ca72   0x00000002   PAD
    0x0800ca74   0x0800ca74   0x00000010   Code   RO        11605    i.buzzer_off        bsp_buzzer.o
    0x0800ca84   0x0800ca84   0x00000010   Code   RO        11606    i.buzzer_on         bsp_buzzer.o
    0x0800ca94   0x0800ca94   0x00000058   Code   RO        11260    i.can_filter_init   bsp_can.o
    0x0800caec   0x0800caec   0x00000028   Code   RO        11288    i.delay_init        bsp_delay.o
    0x0800cb14   0x0800cb14   0x00000034   Code   RO        11290    i.delay_us          bsp_delay.o
    0x0800cb48   0x0800cb48   0x00000018   Code   RO        12354    i.fabs              m_wm.l(fabs.o)
    0x0800cb60   0x0800cb60   0x00000020   Code   RO        10336    i.fp32_constrain    user_lib.o
    0x0800cb80   0x0800cb80   0x000000e8   Code   RO        11731    i.get_angle         AHRS.lib(ahrs.o)
    0x0800cc68   0x0800cc68   0x00000044   Code   RO        11676    i.get_temprate      bsp_adc.o
    0x0800ccac   0x0800ccac   0x0000000c   Code   RO        11450    i.imu_pwm_set       bsp_imu_pwm.o
    0x0800ccb8   0x0800ccb8   0x00000002   Code   RO        10544    i.ist8310_GPIO_init  ist8310driver_middleware.o
    0x0800ccba   0x0800ccba   0x00000002   PAD
    0x0800ccbc   0x0800ccbc   0x00000024   Code   RO        10546    i.ist8310_IIC_read_single_reg  ist8310driver_middleware.o
    0x0800cce0   0x0800cce0   0x00000024   Code   RO        10548    i.ist8310_IIC_write_single_reg  ist8310driver_middleware.o
    0x0800cd04   0x0800cd04   0x00000010   Code   RO        10549    i.ist8310_RST_H     ist8310driver_middleware.o
    0x0800cd14   0x0800cd14   0x00000010   Code   RO        10550    i.ist8310_RST_L     ist8310driver_middleware.o
    0x0800cd24   0x0800cd24   0x00000002   Code   RO        10551    i.ist8310_com_init  ist8310driver_middleware.o
    0x0800cd26   0x0800cd26   0x00000004   Code   RO        10552    i.ist8310_delay_ms  ist8310driver_middleware.o
    0x0800cd2a   0x0800cd2a   0x00000002   PAD
    0x0800cd2c   0x0800cd2c   0x00000080   Code   RO        10509    i.ist8310_init      ist8310driver.o
    0x0800cdac   0x0800cdac   0x00000048   Code   RO        10341    i.loop_fp32_constrain  user_lib.o
    0x0800cdf4   0x0800cdf4   0x0000006e   Code   RO           15    i.main              main.o
    0x0800ce62   0x0800ce62   0x0000000c   Code   RO         7338    i.makeFreeRtosPriority  cmsis_os.o
    0x0800ce6e   0x0800ce6e   0x0000000e   Code   RO         7340    i.osDelay           cmsis_os.o
    0x0800ce7c   0x0800ce7c   0x0000000a   Code   RO         7343    i.osKernelStart     cmsis_os.o
    0x0800ce86   0x0800ce86   0x00000054   Code   RO         7377    i.osThreadCreate    cmsis_os.o
    0x0800ceda   0x0800ceda   0x0000000a   Code   RO         7388    i.osThreadTerminate  cmsis_os.o
    0x0800cee4   0x0800cee4   0x00000020   Code   RO         6831    i.pcTaskGetName     tasks.o
    0x0800cf04   0x0800cf04   0x00000078   Code   RO         6832    i.prvAddCurrentTaskToDelayedList  tasks.o
    0x0800cf7c   0x0800cf7c   0x000000d0   Code   RO         6833    i.prvAddNewTaskToReadyList  tasks.o
    0x0800d04c   0x0800d04c   0x00000058   Code   RO         7180    i.prvCheckForValidListAndQueue  timers.o
    0x0800d0a4   0x0800d0a4   0x00000026   Code   RO         6489    i.prvCopyDataFromQueue  queue.o
    0x0800d0ca   0x0800d0ca   0x0000006c   Code   RO         6490    i.prvCopyDataToQueue  queue.o
    0x0800d136   0x0800d136   0x00000034   Code   RO         6834    i.prvDeleteTCB      tasks.o
    0x0800d16a   0x0800d16a   0x00000002   PAD
    0x0800d16c   0x0800d16c   0x0000004c   Code   RO         7717    i.prvHeapInit       heap_4.o
    0x0800d1b8   0x0800d1b8   0x00000060   Code   RO         6835    i.prvIdleTask       tasks.o
    0x0800d218   0x0800d218   0x00000016   Code   RO         6492    i.prvInitialiseNewQueue  queue.o
    0x0800d22e   0x0800d22e   0x00000002   PAD
    0x0800d230   0x0800d230   0x000000b4   Code   RO         6836    i.prvInitialiseNewTask  tasks.o
    0x0800d2e4   0x0800d2e4   0x0000004c   Code   RO         7718    i.prvInsertBlockIntoFreeList  heap_4.o
    0x0800d330   0x0800d330   0x00000038   Code   RO         7182    i.prvInsertTimerInActiveList  timers.o
    0x0800d368   0x0800d368   0x0000001c   Code   RO         6493    i.prvIsQueueEmpty   queue.o
    0x0800d384   0x0800d384   0x000000fc   Code   RO         7183    i.prvProcessReceivedCommands  timers.o
    0x0800d480   0x0800d480   0x000000c0   Code   RO         7184    i.prvProcessTimerOrBlockTask  timers.o
    0x0800d540   0x0800d540   0x00000020   Code   RO         6837    i.prvResetNextTaskUnblockTime  tasks.o
    0x0800d560   0x0800d560   0x00000028   Code   RO         7185    i.prvSampleTimeNow  timers.o
    0x0800d588   0x0800d588   0x00000058   Code   RO         6838    i.prvSearchForNameWithinSingleList  tasks.o
    0x0800d5e0   0x0800d5e0   0x0000006c   Code   RO         7186    i.prvSwitchTimerLists  timers.o
    0x0800d64c   0x0800d64c   0x00000028   Code   RO         7773    i.prvTaskExitError  port.o
    0x0800d674   0x0800d674   0x00000024   Code   RO         7187    i.prvTimerTask      timers.o
    0x0800d698   0x0800d698   0x0000006a   Code   RO         6494    i.prvUnlockQueue    queue.o
    0x0800d702   0x0800d702   0x00000002   PAD
    0x0800d704   0x0800d704   0x000000dc   Code   RO         7719    i.pvPortMalloc      heap_4.o
    0x0800d7e0   0x0800d7e0   0x0000002c   Code   RO         7774    i.pxPortInitialiseStack  port.o
    0x0800d80c   0x0800d80c   0x00000084   Code   RO        11736    i.quat_normalization  AHRS.lib(ahrs.o)
    0x0800d890   0x0800d890   0x0000003e   Code   RO        12133    i.sqrtf             m_wm.l(sqrtf_full.o)
    0x0800d8ce   0x0800d8ce   0x00000002   PAD
    0x0800d8d0   0x0800d8d0   0x00000018   Code   RO          316    i.start_task        freertos.o
    0x0800d8e8   0x0800d8e8   0x0000000c   Code   RO          317    i.test_task         freertos.o
    0x0800d8f4   0x0800d8f4   0x000000f0   Code   RO         9681    i.uart_cmd_joint_motor  can_receive.o
    0x0800d9e4   0x0800d9e4   0x00000068   Code   RO         6841    i.ulTaskNotifyTake  tasks.o
    0x0800da4c   0x0800da4c   0x0000007a   Code   RO        11737    i.update_w          AHRS.lib(ahrs.o)
    0x0800dac6   0x0800dac6   0x00000002   PAD
    0x0800dac8   0x0800dac8   0x000000b8   Code   RO        11398    i.usart1_init       bsp_usart.o
    0x0800db80   0x0800db80   0x00000064   Code   RO        11399    i.usart1_tx_dma_enable  bsp_usart.o
    0x0800dbe4   0x0800dbe4   0x00000048   Code   RO        11400    i.usart1_tx_dma_init  bsp_usart.o
    0x0800dc2c   0x0800dc2c   0x000000b8   Code   RO        11401    i.usart6_init       bsp_usart.o
    0x0800dce4   0x0800dce4   0x00000026   Code   RO         6449    i.uxListRemove      list.o
    0x0800dd0a   0x0800dd0a   0x00000002   PAD
    0x0800dd0c   0x0800dd0c   0x00000014   Code   RO          318    i.vApplicationGetIdleTaskMemory  freertos.o
    0x0800dd20   0x0800dd20   0x00000018   Code   RO          319    i.vApplicationGetTimerTaskMemory  freertos.o
    0x0800dd38   0x0800dd38   0x00000016   Code   RO         6450    i.vListInitialise   list.o
    0x0800dd4e   0x0800dd4e   0x00000006   Code   RO         6451    i.vListInitialiseItem  list.o
    0x0800dd54   0x0800dd54   0x00000030   Code   RO         6452    i.vListInsert       list.o
    0x0800dd84   0x0800dd84   0x00000018   Code   RO         6453    i.vListInsertEnd    list.o
    0x0800dd9c   0x0800dd9c   0x00000040   Code   RO         7776    i.vPortEnterCritical  port.o
    0x0800dddc   0x0800dddc   0x00000028   Code   RO         7777    i.vPortExitCritical  port.o
    0x0800de04   0x0800de04   0x00000064   Code   RO         7720    i.vPortFree         heap_4.o
    0x0800de68   0x0800de68   0x00000024   Code   RO         7778    i.vPortSetupTimerInterrupt  port.o
    0x0800de8c   0x0800de8c   0x00000054   Code   RO         7779    i.vPortValidateInterruptPriority  port.o
    0x0800dee0   0x0800dee0   0x00000028   Code   RO         6498    i.vQueueAddToRegistry  queue.o
    0x0800df08   0x0800df08   0x00000044   Code   RO         6501    i.vQueueWaitForMessageRestricted  queue.o
    0x0800df4c   0x0800df4c   0x0000004c   Code   RO         6848    i.vTaskDelay        tasks.o
    0x0800df98   0x0800df98   0x000000ac   Code   RO         6850    i.vTaskDelete       tasks.o
    0x0800e044   0x0800e044   0x00000010   Code   RO         6852    i.vTaskInternalSetTimeOutState  tasks.o
    0x0800e054   0x0800e054   0x0000000c   Code   RO         6853    i.vTaskMissedYield  tasks.o
    0x0800e060   0x0800e060   0x000000b4   Code   RO         6854    i.vTaskNotifyGiveFromISR  tasks.o
    0x0800e114   0x0800e114   0x00000030   Code   RO         6855    i.vTaskPlaceOnEventList  tasks.o
    0x0800e144   0x0800e144   0x00000038   Code   RO         6856    i.vTaskPlaceOnEventListRestricted  tasks.o
    0x0800e17c   0x0800e17c   0x00000088   Code   RO         6863    i.vTaskStartScheduler  tasks.o
    0x0800e204   0x0800e204   0x00000010   Code   RO         6865    i.vTaskSuspendAll   tasks.o
    0x0800e214   0x0800e214   0x0000005c   Code   RO         6866    i.vTaskSwitchContext  tasks.o
    0x0800e270   0x0800e270   0x000000f4   Code   RO         7780    i.xPortStartScheduler  port.o
    0x0800e364   0x0800e364   0x0000002c   Code   RO         7781    i.xPortSysTickHandler  port.o
    0x0800e390   0x0800e390   0x00000066   Code   RO         6505    i.xQueueGenericCreateStatic  queue.o
    0x0800e3f6   0x0800e3f6   0x00000002   PAD
    0x0800e3f8   0x0800e3f8   0x00000088   Code   RO         6506    i.xQueueGenericReset  queue.o
    0x0800e480   0x0800e480   0x00000160   Code   RO         6507    i.xQueueGenericSend  queue.o
    0x0800e5e0   0x0800e5e0   0x000000be   Code   RO         6508    i.xQueueGenericSendFromISR  queue.o
    0x0800e69e   0x0800e69e   0x00000002   PAD
    0x0800e6a0   0x0800e6a0   0x00000138   Code   RO         6516    i.xQueueReceive     queue.o
    0x0800e7d8   0x0800e7d8   0x00000088   Code   RO         6869    i.xTaskCheckForTimeOut  tasks.o
    0x0800e860   0x0800e860   0x0000005a   Code   RO         6870    i.xTaskCreate       tasks.o
    0x0800e8ba   0x0800e8ba   0x00000056   Code   RO         6871    i.xTaskCreateStatic  tasks.o
    0x0800e910   0x0800e910   0x00000084   Code   RO         6875    i.xTaskGetHandle    tasks.o
    0x0800e994   0x0800e994   0x0000001c   Code   RO         6876    i.xTaskGetSchedulerState  tasks.o
    0x0800e9b0   0x0800e9b0   0x0000000c   Code   RO         6877    i.xTaskGetTickCount  tasks.o
    0x0800e9bc   0x0800e9bc   0x000000cc   Code   RO         6879    i.xTaskIncrementTick  tasks.o
    0x0800ea88   0x0800ea88   0x00000098   Code   RO         6882    i.xTaskPriorityDisinherit  tasks.o
    0x0800eb20   0x0800eb20   0x00000074   Code   RO         6884    i.xTaskRemoveFromEventList  tasks.o
    0x0800eb94   0x0800eb94   0x000000c4   Code   RO         6885    i.xTaskResumeAll    tasks.o
    0x0800ec58   0x0800ec58   0x00000060   Code   RO         7194    i.xTimerCreateTimerTask  timers.o
    0x0800ecb8   0x0800ecb8   0x00000068   Code   RO         7195    i.xTimerGenericCommand  timers.o
    0x0800ed20   0x0800ed20   0x00000018   Code   RO        12224    x$fpl$basic         g_wm.l(basic.o)
    0x0800ed38   0x0800ed38   0x000002c4   Code   RO        12031    x$fpl$d2f           g_wm.l(d2f_clz.o)
    0x0800effc   0x0800effc   0x0000024c   Code   RO        12033    x$fpl$dadd          g_wm.l(daddsub_clz.o)
    0x0800f248   0x0800f248   0x0000037c   Code   RO        12040    x$fpl$ddiv          g_wm.l(ddiv_clz.o)
    0x0800f5c4   0x0800f5c4   0x000000c8   Code   RO        12344    x$fpl$dfix          g_wm.l(dfix.o)
    0x0800f68c   0x0800f68c   0x0000002e   Code   RO        12227    x$fpl$dflt          g_wm.l(dflt_clz.o)
    0x0800f6ba   0x0800f6ba   0x0000001a   Code   RO        12228    x$fpl$dfltn         g_wm.l(dflt_clz.o)
    0x0800f6d4   0x0800f6d4   0x00000026   Code   RO        12226    x$fpl$dfltu         g_wm.l(dflt_clz.o)
    0x0800f6fa   0x0800f6fa   0x00000002   PAD
    0x0800f6fc   0x0800f6fc   0x000001c0   Code   RO        12043    x$fpl$dmul          g_wm.l(dmul_clz.o)
    0x0800f8bc   0x0800f8bc   0x00000102   Code   RO        12232    x$fpl$dnaninf       g_wm.l(dnaninf.o)
    0x0800f9be   0x0800f9be   0x00000070   Code   RO        12234    x$fpl$drenorm       g_wm.l(drenorm_clz.o)
    0x0800fa2e   0x0800fa2e   0x0000000c   Code   RO        12236    x$fpl$dretinf       g_wm.l(dretinf.o)
    0x0800fa3a   0x0800fa3a   0x00000002   PAD
    0x0800fa3c   0x0800fa3c   0x00000050   Code   RO        12034    x$fpl$drsb          g_wm.l(daddsub_clz.o)
    0x0800fa8c   0x0800fa8c   0x0000029c   Code   RO        12035    x$fpl$dsub          g_wm.l(daddsub_clz.o)
    0x0800fd28   0x0800fd28   0x0000017a   Code   RO        12238    x$fpl$dunder        g_wm.l(dunder_clz.o)
    0x0800fea2   0x0800fea2   0x00000002   PAD
    0x0800fea4   0x0800fea4   0x000001ec   Code   RO        12240    x$fpl$exception     g_wm.l(except.o)
    0x08010090   0x08010090   0x0000007a   Code   RO        12045    x$fpl$f2d           g_wm.l(f2d.o)
    0x0801010a   0x0801010a   0x000000f2   Code   RO        12242    x$fpl$fnaninf       g_wm.l(fnaninf.o)
    0x080101fc   0x080101fc   0x0000000a   Code   RO        12348    x$fpl$fpinit        g_wm.l(fpinit.o)
    0x08010206   0x08010206   0x0000000a   Code   RO        12244    x$fpl$fretinf       g_wm.l(fretinf.o)
    0x08010210   0x08010210   0x0000013c   Code   RO        12246    x$fpl$funder        g_wm.l(funder_clz.o)
    0x0801034c   0x0801034c   0x000000b2   Code   RO        12350    x$fpl$retnan        g_wm.l(retnan.o)
    0x080103fe   0x080103fe   0x0000007e   Code   RO        12248    x$fpl$trapveneer    g_wm.l(trapv.o)
    0x0801047c   0x0801047c   0x00000000   Code   RO        12250    x$fpl$usenofp       g_wm.l(usenofp.o)
    0x0801047c   0x0801047c   0x00000038   Data   RO          321    .constdata          freertos.o
    0x080104b4   0x080104b4   0x00000008   Data   RO         2475    .constdata          stm32f4xx_hal_dma.o
    0x080104bc   0x080104bc   0x00000010   Data   RO         6312    .constdata          system_stm32f4xx.o
    0x080104cc   0x080104cc   0x00000008   Data   RO         6313    .constdata          system_stm32f4xx.o
    0x080104d4   0x080104d4   0x00000030   Data   RO         9086    .constdata          chassis.o
    0x08010504   0x08010504   0x00000014   Data   RO         9423    .constdata          ins.o
    0x08010518   0x08010518   0x0000000c   Data   RO        10512    .constdata          ist8310driver.o
    0x08010524   0x08010524   0x00000012   Data   RO        11145    .constdata          bmi088driver.o
    0x08010536   0x08010536   0x00000002   PAD
    0x08010538   0x08010538   0x0000000c   Data   RO        11738    .constdata          AHRS.lib(ahrs.o)
    0x08010544   0x08010544   0x00000804   Data   RO        11924    .constdata          arm_cortexM4lf_math.lib(arm_common_tables.o)
    0x08010d48   0x08010d48   0x00000030   Data   RO        12252    .constdata          m_wm.l(cos_i.o)
    0x08010d78   0x08010d78   0x000000c8   Data   RO        12286    .constdata          m_wm.l(rred.o)
    0x08010e40   0x08010e40   0x00000020   Data   RO        12290    .constdata          m_wm.l(rredf.o)
    0x08010e60   0x08010e60   0x00000028   Data   RO        12293    .constdata          m_wm.l(sin_i.o)
    0x08010e88   0x08010e88   0x0000000d   Data   RO          322    .conststring        freertos.o
    0x08010e95   0x08010e95   0x00000003   PAD
    0x08010e98   0x08010e98   0x00000020   Data   RO        12449    Region$$Table       anon$$obj.o


    Execution Region RW_IRAM2 (Exec base: 0x10000000, Load base: 0x08010ff8, Size: 0x00000000, Max: 0x00010000, ABSOLUTE)

    **** No section assigned to this execution region ****


    Execution Region RW_IRAM1 (Exec base: 0x20000000, Load base: 0x08010eb8, Size: 0x0000e038, Max: 0x00020000, ABSOLUTE, COMPRESSED[0x00000140])

    Exec Addr    Load Addr    Size         Type   Attr      Idx    E Section Name        Object

    0x20000000   COMPRESSED   0x00000008   Data   RW          323    .data               freertos.o
    0x20000008   COMPRESSED   0x00000004   Data   RW          436    .data               can.o
    0x2000000c   COMPRESSED   0x00000008   Data   RW          483    .data               crc.o
    0x20000014   COMPRESSED   0x0000001c   Data   RW         1128    .data               usbd_desc.o
    0x20000030   COMPRESSED   0x00000032   Data   RW         1129    .data               usbd_desc.o
    0x20000062   COMPRESSED   0x00000002   PAD
    0x20000064   COMPRESSED   0x00000014   Data   RW         1212    .data               usbd_cdc_if.o
    0x20000078   COMPRESSED   0x0000000c   Data   RW         2902    .data               stm32f4xx_hal.o
    0x20000084   COMPRESSED   0x00000004   Data   RW         6314    .data               system_stm32f4xx.o
    0x20000088   COMPRESSED   0x0000003c   Data   RW         6888    .data               tasks.o
    0x200000c4   COMPRESSED   0x00000014   Data   RW         7203    .data               timers.o
    0x200000d8   COMPRESSED   0x00000020   Data   RW         7726    .data               heap_4.o
    0x200000f8   COMPRESSED   0x0000000c   Data   RW         7782    .data               port.o
    0x20000104   COMPRESSED   0x00000001   Data   RW         8020    .data               usbd_ctlreq.o
    0x20000105   COMPRESSED   0x00000003   PAD
    0x20000108   COMPRESSED   0x00000053   Data   RW         8159    .data               usbd_cdc.o
    0x2000015b   COMPRESSED   0x00000001   PAD
    0x2000015c   COMPRESSED   0x00000038   Data   RW         8160    .data               usbd_cdc.o
    0x20000194   COMPRESSED   0x00000010   Data   RW         8255    .data               system_config.o
    0x200001a4   COMPRESSED   0x00000001   Data   RW         8798    .data               communicate_task.o
    0x200001a5   COMPRESSED   0x00000003   PAD
    0x200001a8   COMPRESSED   0x00000054   Data   RW         8973    .data               calibrate_task.o
    0x200001fc   COMPRESSED   0x00000006   Data   RW         9242    .data               communicate.o
    0x20000202   COMPRESSED   0x00000001   Data   RW         9243    .data               communicate.o
    0x20000203   COMPRESSED   0x00000001   PAD
    0x20000204   COMPRESSED   0x000000a4   Data   RW         9424    .data               ins.o
    0x200002a8   COMPRESSED   0x00000018   Data   RW         9697    .data               can_receive.o
    0x200002c0   COMPRESSED   0x00000001   Data   RW         9920    .data               remote_control.o
    0x200002c1   COMPRESSED   0x00000003   PAD
    0x200002c4   COMPRESSED   0x00000030   Data   RW        11146    .data               bmi088driver.o
    0x200002f4   COMPRESSED   0x00000008   Data   RW        11291    .data               bsp_delay.o
    0x200002fc   COMPRESSED   0x00000004   Data   RW        11679    .data               bsp_adc.o
    0x20000300   COMPRESSED   0x00000010   Data   RW        11739    .data               AHRS.lib(ahrs.o)
    0x20000310        -       0x000006a8   Zero   RW          320    .bss                freertos.o
    0x200009b8        -       0x00000090   Zero   RW          387    .bss                adc.o
    0x20000a48        -       0x00000050   Zero   RW          435    .bss                can.o
    0x20000a98        -       0x0000015c   Zero   RW          551    .bss                i2c.o
    0x20000bf4        -       0x00000010   Zero   RW          603    .bss                rng.o
    0x20000c04        -       0x00000020   Zero   RW          645    .bss                rtc.o
    0x20000c24        -       0x00000170   Zero   RW          688    .bss                spi.o
    0x20000d94        -       0x000001b0   Zero   RW          741    .bss                tim.o
    0x20000f44        -       0x000002ac   Zero   RW          815    .bss                usart.o
    0x200011f0        -       0x000002dc   Zero   RW          865    .bss                usb_device.o
    0x200014cc        -       0x0000072c   Zero   RW          943    .bss                usbd_conf.o
    0x20001bf8        -       0x00000200   Zero   RW         1127    .bss                usbd_desc.o
    0x20001df8        -       0x00001000   Zero   RW         1211    .bss                usbd_cdc_if.o
    0x20002df8        -       0x00000040   Zero   RW         6519    .bss                queue.o
    0x20002e38        -       0x000000f0   Zero   RW         6887    .bss                tasks.o
    0x20002f28        -       0x00000110   Zero   RW         7202    .bss                timers.o
    0x20003038        -       0x00006000   Zero   RW         7725    .bss                heap_4.o
    0x20009038        -       0x000002f4   Zero   RW         8845    .bss                detect_task.o
    0x2000932c        -       0x00000014   Zero   RW         8967    .bss                calibrate_task.o
    0x20009340        -       0x00000018   Zero   RW         8968    .bss                calibrate_task.o
    0x20009358        -       0x00000018   Zero   RW         8969    .bss                calibrate_task.o
    0x20009370        -       0x00000018   Zero   RW         8970    .bss                calibrate_task.o
    0x20009388        -       0x0000022c   Zero   RW         9085    .bss                chassis.o
    0x200095b4        -       0x000004dc   Zero   RW         9240    .bss                communicate.o
    0x20009a90        -       0x0000033c   Zero   RW         9331    .bss                joint_motor.o
    0x20009dcc        -       0x00000174   Zero   RW         9419    .bss                ins.o
    0x20009f40        -       0x00000072   Zero   RW         9696    .bss                can_receive.o
    0x20009fb2        -       0x00000014   Zero   RW         9919    .bss                remote_control.o
    0x20009fc6   COMPRESSED   0x00000002   PAD
    0x20009fc8        -       0x00000010   Zero   RW        11678    .bss                bsp_adc.o
    0x20009fd8        -       0x00000060   Zero   RW        12301    .bss                c_w.l(libspace.o)
    0x2000a038        -       0x00002000   Zero   RW            2    HEAP                startup_stm32f407xx.o
    0x2000c038        -       0x00002000   Zero   RW            1    STACK               startup_stm32f407xx.o


==============================================================================

Image component sizes


      Code (inc. data)   RO Data    RW Data    ZI Data      Debug   Object Name

       324         40          0          0        144       2174   adc.o
        98          6          0          0          0       4920   ahrs_middleware.o
      2172         36         18         48          0      10583   bmi088driver.o
       108         28          0          0          0       4508   bmi088middleware.o
       128         24          0          4         16       1704   bsp_adc.o
        32         10          0          0          0        937   bsp_buzzer.o
        88          8          0          0          0        562   bsp_can.o
        92         18          0          8          0       1216   bsp_delay.o
        88         14          0          0          0        522   bsp_i2c.o
        12          4          0          0          0        470   bsp_imu_pwm.o
       176         26          0          0          0       1911   bsp_rc.o
      4964         74          0          0          0       2362   bsp_spi.o
       540         72          0          0          0       2944   bsp_usart.o
       156         12          0         84         92       7218   calibrate_task.o
       388         42          0          4         80       2294   can.o
       924         76          0         24        114     582069   can_receive.o
      1630        128         48          0        556      16730   chassis.o
       128         12          0          0          0      13445   chassis_task.o
       130          0          0          0          0      23505   cmsis_os.o
       796         94          0          7       1244       8326   communicate.o
        52         12          0          1          0       2586   communicate_task.o
        76         18          0          8          0       1367   crc.o
        80          6          0          0        756       2509   detect_task.o
       172          4          0          0          0        786   dma.o
         0          0          0          0          0      19572   event_groups.o
        74          6          0          0          0       1924   first_order_filter.o
       140         22         69          8       1704       3506   freertos.o
       456         24          0          0          0       1163   gpio.o
       472         24          0         32      24576       4703   heap_4.o
       536         84          0          0        348       2948   i2c.o
      2412        148         20        164        372      17890   ins.o
        28          6          0          0          0        491   ins_task.o
       128          6         12          0          0       1907   ist8310driver.o
       112         22          0          0          0     591195   ist8310driver_middleware.o
       690         72          0          0        828       5580   joint_motor.o
       138          0          0          0          0       3382   list.o
       262          8          0          0          0     791156   main.o
         8          0          0          0          0       2788   motor.o
         0          0          0          0          0     593640   my_test_task.o
       342         14          0          0          0       2740   pid.o
       786         82          0         12          0      11505   port.o
      1502         20          0          0         64      16884   queue.o
       460         18          0          1         20       6518   remote_control.o
        76         18          0          0         16       1367   rng.o
       116         22          0          0         32       1403   rtc.o
       472         44          0          0        368       2440   spi.o
        64         26        392          0      16384        816   startup_stm32f407xx.o
       180         28          0         12          0       9169   stm32f4xx_hal.o
      1140         52          0          0          0       5066   stm32f4xx_hal_adc.o
      1638          6          0          0          0      13683   stm32f4xx_hal_can.o
       198         14          0          0          0      33783   stm32f4xx_hal_cortex.o
        34          0          0          0          0        987   stm32f4xx_hal_crc.o
       752         16          8          0          0       3928   stm32f4xx_hal_dma.o
       540         52          0          0          0       3338   stm32f4xx_hal_gpio.o
      2174         52          0          0          0      12602   stm32f4xx_hal_i2c.o
        56          4          0          0          0        778   stm32f4xx_hal_msp.o
      2638         12          0          0          0      13260   stm32f4xx_hal_pcd.o
        78          0          0          0          0       2281   stm32f4xx_hal_pcd_ex.o
      1360         82          0          0          0       5520   stm32f4xx_hal_rcc.o
       316         20          0          0          0       1328   stm32f4xx_hal_rcc_ex.o
        50          0          0          0          0       1019   stm32f4xx_hal_rng.o
       308          4          0          0          0       3411   stm32f4xx_hal_rtc.o
       942         12          0          0          0       4765   stm32f4xx_hal_spi.o
      1300         80          0          0          0      11088   stm32f4xx_hal_tim.o
       228         28          0          0          0       2076   stm32f4xx_hal_tim_ex.o
       664         10          0          0          0       4056   stm32f4xx_hal_uart.o
       144         42          0          0          0       7833   stm32f4xx_it.o
      2888        134          0          0          0      23095   stm32f4xx_ll_usb.o
         0          0          0          0          0        416   stream_buffer.o
       172         80          0         16          0     610733   system_config.o
        16          4         24          4          0       1019   system_stm32f4xx.o
      2868        202          0         60        240      31787   tasks.o
      1588        134          0          0        432       6287   tim.o
       972         80          0         20        272      29411   timers.o
       804         92          0          0        684       3427   usart.o
        84         18          0          0        732       2503   usb_device.o
      1198         32          0        139          0      13103   usbd_cdc.o
        72         16          0         20       4096       2862   usbd_cdc_if.o
       644         24          0          0       1836      15164   usbd_conf.o
       916          0          0          0          0      14819   usbd_core.o
      1328         28          0          1          0      14564   usbd_ctlreq.o
       288        104          0         78        512       5629   usbd_desc.o
       132          0          0          0          0       4324   usbd_ioreq.o
       104          0          0          0          0       2151   user_lib.o

    ----------------------------------------------------------------------
     51538       2892        628        768      56520    3702431   Object Totals
         0          0         32          0          0          0   (incl. Generated)
        96          0          5         13          2          0   (incl. Padding)

    ----------------------------------------------------------------------

      Code (inc. data)   RO Data    RW Data    ZI Data      Debug   Library Member Name

      2718         84         12         16          0       9922   ahrs.o
         0          0       2052          0          0       4636   arm_common_tables.o
       120         12          0          0          0      16970   arm_cos_f32.o
        90          0          0          0          0          0   __dczerorl2.o
         8          0          0          0          0         68   __main.o
         0          0          0          0          0          0   __rtentry.o
        12          0          0          0          0          0   __rtentry2.o
         6          0          0          0          0          0   __rtentry4.o
        52          8          0          0          0          0   __scatter.o
        28          0          0          0          0          0   __scatter_zi.o
        48          4          0          0          0         84   _fptrap.o
        22          0          0          0          0        100   _rserrno.o
        16          0          0          0          0         68   aeabi_memset.o
        10          0          0          0          0         68   defsig_exit.o
       172        110          0          0          0         76   defsig_fpe_inner.o
        14          0          0          0          0         80   defsig_fpe_outer.o
        50          0          0          0          0         88   defsig_general.o
        18          0          0          0          0         80   exit.o
         6          0          0          0          0        152   heapauxi.o
         0          0          0          0          0          0   indicate_semi.o
         2          0          0          0          0          0   libinit.o
         6          0          0          0          0          0   libinit2.o
         2          0          0          0          0          0   libshutdown.o
         2          0          0          0          0          0   libshutdown2.o
         8          4          0          0         96         68   libspace.o
       238          0          0          0          0        100   lludivv7m.o
         8          4          0          0          0         68   rt_errno_addr_intlibspace.o
        68          0          0          0          0         68   rt_memclr.o
        78          0          0          0          0         80   rt_memclr_w.o
       138          0          0          0          0         68   rt_memcpy_v6.o
       100          0          0          0          0         80   rt_memcpy_w.o
         2          0          0          0          0          0   rtexit.o
        10          0          0          0          0          0   rtexit2.o
        62          0          0          0          0         76   strlen.o
        12          4          0          0          0         68   sys_exit.o
        74          0          0          0          0         80   sys_stackheap_outer.o
        14          0          0          0          0         76   sys_wrch.o
         2          0          0          0          0         68   use_no_semi.o
        24          0          0          0          0        164   basic.o
       708         16          0          0          0        140   d2f_clz.o
      1336         32          0          0          0        532   daddsub_clz.o
       892        152          0          0          0        292   ddiv_clz.o
       200         16          0          0          0        184   dfix.o
       110          0          0          0          0        348   dflt_clz.o
       448         16          0          0          0        164   dmul_clz.o
       258          4          0          0          0        156   dnaninf.o
       112          0          0          0          0        160   drenorm_clz.o
        12          0          0          0          0        116   dretinf.o
       378          0          0          0          0        168   dunder_clz.o
       492         36          0          0          0        148   except.o
       122          8          0          0          0        132   f2d.o
       242          4          0          0          0        144   fnaninf.o
        10          0          0          0          0        116   fpinit.o
        10          0          0          0          0        116   fretinf.o
       316          0          0          0          0        132   funder_clz.o
       178          0          0          0          0        116   retnan.o
       126          0          0          0          0        148   trapv.o
         0          0          0          0          0          0   usenofp.o
       300         42          0          0          0        176   asinf.o
       592         90          0          0          0        184   atan2f.o
       368         46         48          0          0        200   cos_i.o
       336         56          0          0          0        136   cosf.o
        84         16          0          0          0        372   dunder.o
        24          0          0          0          0        124   fabs.o
        48          0          0          0          0        124   fpclassify.o
        38          0          0          0          0        116   fpclassifyf.o
        44         12          0          0          0        464   funder.o
       248          0          0          0          0        152   poly.o
      1080        142        200          0          0        188   rred.o
       340         24         32          0          0        160   rredf.o
       200         20          0          0          0        164   sin.o
       304         24         40          0          0        208   sin_i.o
       400         56          0          0          0        212   sinf.o
       120          0          0          0          0        272   sqrtf_full.o

    ----------------------------------------------------------------------
     14754       1046       2384         16         96      40020   Library Totals
        38          4          0          0          0          0   (incl. Padding)

    ----------------------------------------------------------------------

      Code (inc. data)   RO Data    RW Data    ZI Data      Debug   Library Name

      2718         84         12         16          0       9922   AHRS.lib
       120         12       2052          0          0      21606   arm_cortexM4lf_math.lib
      1378        134          0          0         96       1764   c_w.l
      5974        284          0          0          0       3476   g_wm.l
      4526        528        320          0          0       3252   m_wm.l

    ----------------------------------------------------------------------
     14754       1046       2384         16         96      40020   Library Totals

    ----------------------------------------------------------------------

==============================================================================


      Code (inc. data)   RO Data    RW Data    ZI Data      Debug   

     66292       3938       3012        784      56616    3688715   Grand Totals
     66292       3938       3012        320      56616    3688715   ELF Image Totals (compressed)
     66292       3938       3012        320          0          0   ROM Totals

==============================================================================

    Total RO  Size (Code + RO Data)                69304 (  67.68kB)
    Total RW  Size (RW Data + ZI Data)             57400 (  56.05kB)
    Total ROM Size (Code + RO Data + RW Data)      69624 (  67.99kB)

==============================================================================

